Archive member included to satisfy reference by file (symbol)

d:/program files/gnu arm embedded toolchain/10 2020-q4-major/bin/../lib/gcc/arm-none-eabi/10.2.1/../../../../arm-none-eabi/lib/thumb/v7e-m+fp/hard\libc_nano.a(lib_a-exit.o)
                              d:/program files/gnu arm embedded toolchain/10 2020-q4-major/bin/../lib/gcc/arm-none-eabi/10.2.1/../../../../arm-none-eabi/lib/thumb/v7e-m+fp/hard/crt0.o (exit)
d:/program files/gnu arm embedded toolchain/10 2020-q4-major/bin/../lib/gcc/arm-none-eabi/10.2.1/../../../../arm-none-eabi/lib/thumb/v7e-m+fp/hard\libc_nano.a(lib_a-impure.o)
                              d:/program files/gnu arm embedded toolchain/10 2020-q4-major/bin/../lib/gcc/arm-none-eabi/10.2.1/../../../../arm-none-eabi/lib/thumb/v7e-m+fp/hard\libc_nano.a(lib_a-exit.o) (_global_impure_ptr)
d:/program files/gnu arm embedded toolchain/10 2020-q4-major/bin/../lib/gcc/arm-none-eabi/10.2.1/../../../../arm-none-eabi/lib/thumb/v7e-m+fp/hard\libc_nano.a(lib_a-init.o)
                              d:/program files/gnu arm embedded toolchain/10 2020-q4-major/bin/../lib/gcc/arm-none-eabi/10.2.1/../../../../arm-none-eabi/lib/thumb/v7e-m+fp/hard/crt0.o (__libc_init_array)
d:/program files/gnu arm embedded toolchain/10 2020-q4-major/bin/../lib/gcc/arm-none-eabi/10.2.1/../../../../arm-none-eabi/lib/thumb/v7e-m+fp/hard\libc_nano.a(lib_a-malloc.o)
                              build/usbd_audio.o (malloc)
d:/program files/gnu arm embedded toolchain/10 2020-q4-major/bin/../lib/gcc/arm-none-eabi/10.2.1/../../../../arm-none-eabi/lib/thumb/v7e-m+fp/hard\libc_nano.a(lib_a-memset.o)
                              d:/program files/gnu arm embedded toolchain/10 2020-q4-major/bin/../lib/gcc/arm-none-eabi/10.2.1/../../../../arm-none-eabi/lib/thumb/v7e-m+fp/hard/crt0.o (memset)
d:/program files/gnu arm embedded toolchain/10 2020-q4-major/bin/../lib/gcc/arm-none-eabi/10.2.1/../../../../arm-none-eabi/lib/thumb/v7e-m+fp/hard\libc_nano.a(lib_a-nano-freer.o)
                              d:/program files/gnu arm embedded toolchain/10 2020-q4-major/bin/../lib/gcc/arm-none-eabi/10.2.1/../../../../arm-none-eabi/lib/thumb/v7e-m+fp/hard\libc_nano.a(lib_a-malloc.o) (_free_r)
d:/program files/gnu arm embedded toolchain/10 2020-q4-major/bin/../lib/gcc/arm-none-eabi/10.2.1/../../../../arm-none-eabi/lib/thumb/v7e-m+fp/hard\libc_nano.a(lib_a-nano-mallocr.o)
                              d:/program files/gnu arm embedded toolchain/10 2020-q4-major/bin/../lib/gcc/arm-none-eabi/10.2.1/../../../../arm-none-eabi/lib/thumb/v7e-m+fp/hard\libc_nano.a(lib_a-malloc.o) (_malloc_r)
d:/program files/gnu arm embedded toolchain/10 2020-q4-major/bin/../lib/gcc/arm-none-eabi/10.2.1/../../../../arm-none-eabi/lib/thumb/v7e-m+fp/hard\libc_nano.a(lib_a-sbrkr.o)
                              d:/program files/gnu arm embedded toolchain/10 2020-q4-major/bin/../lib/gcc/arm-none-eabi/10.2.1/../../../../arm-none-eabi/lib/thumb/v7e-m+fp/hard\libc_nano.a(lib_a-nano-mallocr.o) (_sbrk_r)
d:/program files/gnu arm embedded toolchain/10 2020-q4-major/bin/../lib/gcc/arm-none-eabi/10.2.1/../../../../arm-none-eabi/lib/thumb/v7e-m+fp/hard\libc_nano.a(lib_a-mlock.o)
                              d:/program files/gnu arm embedded toolchain/10 2020-q4-major/bin/../lib/gcc/arm-none-eabi/10.2.1/../../../../arm-none-eabi/lib/thumb/v7e-m+fp/hard\libc_nano.a(lib_a-nano-freer.o) (__malloc_lock)
d:/program files/gnu arm embedded toolchain/10 2020-q4-major/bin/../lib/gcc/arm-none-eabi/10.2.1/../../../../arm-none-eabi/lib/thumb/v7e-m+fp/hard\libc_nano.a(lib_a-reent.o)
                              d:/program files/gnu arm embedded toolchain/10 2020-q4-major/bin/../lib/gcc/arm-none-eabi/10.2.1/../../../../arm-none-eabi/lib/thumb/v7e-m+fp/hard\libc_nano.a(lib_a-sbrkr.o) (errno)
d:/program files/gnu arm embedded toolchain/10 2020-q4-major/bin/../lib/gcc/arm-none-eabi/10.2.1/../../../../arm-none-eabi/lib/thumb/v7e-m+fp/hard\libc_nano.a(lib_a-lock.o)
                              d:/program files/gnu arm embedded toolchain/10 2020-q4-major/bin/../lib/gcc/arm-none-eabi/10.2.1/../../../../arm-none-eabi/lib/thumb/v7e-m+fp/hard\libc_nano.a(lib_a-mlock.o) (__retarget_lock_acquire_recursive)
d:/program files/gnu arm embedded toolchain/10 2020-q4-major/bin/../lib/gcc/arm-none-eabi/10.2.1/../../../../arm-none-eabi/lib/thumb/v7e-m+fp/hard\libnosys.a(sbrk.o)
                              d:/program files/gnu arm embedded toolchain/10 2020-q4-major/bin/../lib/gcc/arm-none-eabi/10.2.1/../../../../arm-none-eabi/lib/thumb/v7e-m+fp/hard\libc_nano.a(lib_a-sbrkr.o) (_sbrk)
d:/program files/gnu arm embedded toolchain/10 2020-q4-major/bin/../lib/gcc/arm-none-eabi/10.2.1/../../../../arm-none-eabi/lib/thumb/v7e-m+fp/hard\libnosys.a(_exit.o)
                              d:/program files/gnu arm embedded toolchain/10 2020-q4-major/bin/../lib/gcc/arm-none-eabi/10.2.1/../../../../arm-none-eabi/lib/thumb/v7e-m+fp/hard\libc_nano.a(lib_a-exit.o) (_exit)
[...]
Memory Configuration

Name             Origin             Length             Attributes
RAM              0x20000000         0x00020000         xrw
CCMRAM           0x10000000         0x00010000         xrw
FLASH            0x08000000         0x00100000         xr
*default*        0x00000000         0xffffffff

Linker script and memory map

LOAD d:/program files/gnu arm embedded toolchain/10 2020-q4-major/bin/../lib/gcc/arm-none-eabi/10.2.1/thumb/v7e-m+fp/hard/crti.o
LOAD d:/program files/gnu arm embedded toolchain/10 2020-q4-major/bin/../lib/gcc/arm-none-eabi/10.2.1/thumb/v7e-m+fp/hard/crtbegin.o
LOAD d:/program files/gnu arm embedded toolchain/10 2020-q4-major/bin/../lib/gcc/arm-none-eabi/10.2.1/../../../../arm-none-eabi/lib/thumb/v7e-m+fp/hard/crt0.o
LOAD build/main.o
LOAD build/stm32f4xx_it.o
LOAD build/stm32f4xx_hal_msp.o
LOAD build/usb_device.o
LOAD build/usbd_desc.o
LOAD build/usbd_audio_if.o
LOAD build/usbd_conf.o
LOAD build/stm32f4xx_hal_pcd.o
LOAD build/stm32f4xx_hal_pcd_ex.o
LOAD build/stm32f4xx_ll_usb.o
LOAD build/stm32f4xx_hal_rcc.o
LOAD build/stm32f4xx_hal_rcc_ex.o
LOAD build/stm32f4xx_hal_flash.o
LOAD build/stm32f4xx_hal_flash_ex.o
LOAD build/stm32f4xx_hal_flash_ramfunc.o
LOAD build/stm32f4xx_hal_gpio.o
LOAD build/stm32f4xx_hal_dma_ex.o
LOAD build/stm32f4xx_hal_dma.o
LOAD build/stm32f4xx_hal_pwr.o
LOAD build/stm32f4xx_hal_pwr_ex.o
LOAD build/stm32f4xx_hal_cortex.o
LOAD build/stm32f4xx_hal.o
LOAD build/stm32f4xx_hal_exti.o
LOAD build/stm32f4xx_hal_i2c.o
LOAD build/stm32f4xx_hal_i2c_ex.o
LOAD build/stm32f4xx_hal_i2s.o
LOAD build/stm32f4xx_hal_i2s_ex.o
LOAD build/stm32f4xx_hal_tim.o
LOAD build/stm32f4xx_hal_tim_ex.o
LOAD build/system_stm32f4xx.o
LOAD build/usbd_core.o
LOAD build/usbd_ctlreq.o
LOAD build/usbd_ioreq.o
LOAD build/usbd_audio.o
LOAD build/startup_stm32f407xx.o
LOAD d:/program files/gnu arm embedded toolchain/10 2020-q4-major/bin/../lib/gcc/arm-none-eabi/10.2.1/../../../../arm-none-eabi/lib/thumb/v7e-m+fp/hard\libc_nano.a
LOAD d:/program files/gnu arm embedded toolchain/10 2020-q4-major/bin/../lib/gcc/arm-none-eabi/10.2.1/../../../../arm-none-eabi/lib/thumb/v7e-m+fp/hard\libm.a
LOAD d:/program files/gnu arm embedded toolchain/10 2020-q4-major/bin/../lib/gcc/arm-none-eabi/10.2.1/../../../../arm-none-eabi/lib/thumb/v7e-m+fp/hard\libnosys.a
START GROUP
LOAD d:/program files/gnu arm embedded toolchain/10 2020-q4-major/bin/../lib/gcc/arm-none-eabi/10.2.1/thumb/v7e-m+fp/hard\libgcc.a
LOAD d:/program files/gnu arm embedded toolchain/10 2020-q4-major/bin/../lib/gcc/arm-none-eabi/10.2.1/../../../../arm-none-eabi/lib/thumb/v7e-m+fp/hard\libc_nano.a
END GROUP
START GROUP
LOAD d:/program files/gnu arm embedded toolchain/10 2020-q4-major/bin/../lib/gcc/arm-none-eabi/10.2.1/thumb/v7e-m+fp/hard\libgcc.a
LOAD d:/program files/gnu arm embedded toolchain/10 2020-q4-major/bin/../lib/gcc/arm-none-eabi/10.2.1/../../../../arm-none-eabi/lib/thumb/v7e-m+fp/hard\libc_nano.a
END GROUP
LOAD d:/program files/gnu arm embedded toolchain/10 2020-q4-major/bin/../lib/gcc/arm-none-eabi/10.2.1/thumb/v7e-m+fp/hard/crtend.o
LOAD d:/program files/gnu arm embedded toolchain/10 2020-q4-major/bin/../lib/gcc/arm-none-eabi/10.2.1/thumb/v7e-m+fp/hard/crtn.o
                0x20020000                _estack = 0x20020000
                0x00004000                _Min_Heap_Size = 0x4000
                0x00001000                _Min_Stack_Size = 0x1000

.isr_vector     0x08000000      0x188
                0x08000000                . = ALIGN (0x4)
 *(.isr_vector)
 .isr_vector    0x08000000      0x188 build/startup_stm32f407xx.o
                0x08000000                g_pfnVectors
                0x08000188                . = ALIGN (0x4)

.text           0x08000188     0x49d0
                0x08000188                . = ALIGN (0x4)
 *(.text)
 .text          0x08000188       0x40 d:/program files/gnu arm embedded toolchain/10 2020-q4-major/bin/../lib/gcc/arm-none-eabi/10.2.1/thumb/v7e-m+fp/hard/crtbegin.o
 .text          0x080001c8       0x30 d:/program files/gnu arm embedded toolchain/10 2020-q4-major/bin/../lib/gcc/arm-none-eabi/10.2.1/thumb/v7e-m+fp/hard\libgcc.a(_aeabi_uldivmod.o)
                0x080001c8                __aeabi_uldivmod
 .text          0x080001f8      0x2d0 d:/program files/gnu arm embedded toolchain/10 2020-q4-major/bin/../lib/gcc/arm-none-eabi/10.2.1/thumb/v7e-m+fp/hard\libgcc.a(_udivmoddi4.o)
                0x080001f8                __udivmoddi4
 .text          0x080004c8        0x4 d:/program files/gnu arm embedded toolchain/10 2020-q4-major/bin/../lib/gcc/arm-none-eabi/10.2.1/thumb/v7e-m+fp/hard\libgcc.a(_dvmd_tls.o)
                0x080004c8                __aeabi_idiv0
                0x080004c8                __aeabi_ldiv0
 *(.text*)
 .text.MX_GPIO_Init
                0x080004cc      0x19c build/main.o
 .text.MX_DMA_Init
                0x08000668       0x34 build/main.o
 .text.Error_Handler
                0x0800069c        0x4 build/main.o
                0x0800069c                Error_Handler
 .text.MX_I2C1_Init
                0x080006a0       0x38 build/main.o
 .text.MX_I2S3_Init
                0x080006d8       0x38 build/main.o
 .text.SystemClock_Config
                0x08000710       0xcc build/main.o
                0x08000710                SystemClock_Config
 .text.main     0x080007dc       0x90 build/main.o
                0x080007dc                main
 .text.NMI_Handler
                0x0800086c        0x2 build/stm32f4xx_it.o
                0x0800086c                NMI_Handler
 .text.HardFault_Handler
                0x0800086e        0x2 build/stm32f4xx_it.o
                0x0800086e                HardFault_Handler
 .text.MemManage_Handler
                0x08000870        0x2 build/stm32f4xx_it.o
                0x08000870                MemManage_Handler
 .text.BusFault_Handler
                0x08000872        0x2 build/stm32f4xx_it.o
                0x08000872                BusFault_Handler
 .text.UsageFault_Handler
                0x08000874        0x2 build/stm32f4xx_it.o
                0x08000874                UsageFault_Handler
 .text.SVC_Handler
                0x08000876        0x2 build/stm32f4xx_it.o
                0x08000876                SVC_Handler
 .text.DebugMon_Handler
                0x08000878        0x2 build/stm32f4xx_it.o
                0x08000878                DebugMon_Handler
 .text.PendSV_Handler
                0x0800087a        0x2 build/stm32f4xx_it.o
                0x0800087a                PendSV_Handler
 .text.SysTick_Handler
                0x0800087c        0x8 build/stm32f4xx_it.o
                0x0800087c                SysTick_Handler
 .text.DMA1_Stream5_IRQHandler
                0x08000884       0x10 build/stm32f4xx_it.o
                0x08000884                DMA1_Stream5_IRQHandler
 .text.OTG_FS_IRQHandler
                0x08000894       0x10 build/stm32f4xx_it.o
                0x08000894                OTG_FS_IRQHandler
 .text.HAL_MspInit
                0x080008a4       0x40 build/stm32f4xx_hal_msp.o
                0x080008a4                HAL_MspInit
 .text.HAL_I2C_MspInit
                0x080008e4       0x70 build/stm32f4xx_hal_msp.o
                0x080008e4                HAL_I2C_MspInit
 .text.HAL_I2S_MspInit
                0x08000954       0xdc build/stm32f4xx_hal_msp.o
                0x08000954                HAL_I2S_MspInit
 .text.MX_USB_DEVICE_Init
                0x08000a30       0x54 build/usb_device.o
                0x08000a30                MX_USB_DEVICE_Init
 .text.USBD_FS_DeviceDescriptor
                0x08000a84        0xc build/usbd_desc.o
                0x08000a84                USBD_FS_DeviceDescriptor
 .text.USBD_FS_LangIDStrDescriptor
                0x08000a90        0xc build/usbd_desc.o
                0x08000a90                USBD_FS_LangIDStrDescriptor
 .text.IntToUnicode
                0x08000a9c       0x46 build/usbd_desc.o
 *fill*         0x08000ae2        0x2 
 .text.Get_SerialNum
                0x08000ae4       0x38 build/usbd_desc.o
 .text.USBD_FS_SerialStrDescriptor
                0x08000b1c       0x14 build/usbd_desc.o
                0x08000b1c                USBD_FS_SerialStrDescriptor
 .text.USBD_FS_ProductStrDescriptor
                0x08000b30       0x24 build/usbd_desc.o
                0x08000b30                USBD_FS_ProductStrDescriptor
 .text.USBD_FS_ManufacturerStrDescriptor
                0x08000b54       0x1c build/usbd_desc.o
                0x08000b54                USBD_FS_ManufacturerStrDescriptor
 .text.USBD_FS_ConfigStrDescriptor
                0x08000b70       0x24 build/usbd_desc.o
                0x08000b70                USBD_FS_ConfigStrDescriptor
 .text.USBD_FS_InterfaceStrDescriptor
                0x08000b94       0x24 build/usbd_desc.o
                0x08000b94                USBD_FS_InterfaceStrDescriptor
 .text.AUDIO_Init_FS
                0x08000bb8        0x4 build/usbd_audio_if.o
 .text.AUDIO_DeInit_FS
                0x08000bbc        0x4 build/usbd_audio_if.o
 .text.AUDIO_AudioCmd_FS
                0x08000bc0        0x4 build/usbd_audio_if.o
 .text.AUDIO_VolumeCtl_FS
                0x08000bc4        0x4 build/usbd_audio_if.o
 .text.AUDIO_MuteCtl_FS
                0x08000bc8        0x4 build/usbd_audio_if.o
 .text.AUDIO_PeriodicTC_FS
                0x08000bcc        0x4 build/usbd_audio_if.o
 .text.AUDIO_GetState_FS
                0x08000bd0        0x4 build/usbd_audio_if.o
 .text.HAL_PCD_MspInit
                0x08000bd4       0x94 build/usbd_conf.o
                0x08000bd4                HAL_PCD_MspInit
 .text.HAL_PCD_SetupStageCallback
                0x08000c68       0x10 build/usbd_conf.o
                0x08000c68                HAL_PCD_SetupStageCallback
 .text.HAL_PCD_DataOutStageCallback
                0x08000c78       0x18 build/usbd_conf.o
                0x08000c78                HAL_PCD_DataOutStageCallback
 .text.HAL_PCD_DataInStageCallback
                0x08000c90       0x16 build/usbd_conf.o
                0x08000c90                HAL_PCD_DataInStageCallback
 .text.HAL_PCD_SOFCallback
                0x08000ca6        0xc build/usbd_conf.o
                0x08000ca6                HAL_PCD_SOFCallback
 .text.HAL_PCD_ResetCallback
                0x08000cb2       0x2c build/usbd_conf.o
                0x08000cb2                HAL_PCD_ResetCallback
 *fill*         0x08000cde        0x2 
 .text.HAL_PCD_SuspendCallback
                0x08000ce0       0x30 build/usbd_conf.o
                0x08000ce0                HAL_PCD_SuspendCallback
 .text.HAL_PCD_ResumeCallback
                0x08000d10        0xc build/usbd_conf.o
                0x08000d10                HAL_PCD_ResumeCallback
 .text.HAL_PCD_ISOOUTIncompleteCallback
                0x08000d1c        0xc build/usbd_conf.o
                0x08000d1c                HAL_PCD_ISOOUTIncompleteCallback
 .text.HAL_PCD_ISOINIncompleteCallback
                0x08000d28        0xc build/usbd_conf.o
                0x08000d28                HAL_PCD_ISOINIncompleteCallback
 .text.HAL_PCD_ConnectCallback
                0x08000d34        0xc build/usbd_conf.o
                0x08000d34                HAL_PCD_ConnectCallback
 .text.HAL_PCD_DisconnectCallback
                0x08000d40        0xc build/usbd_conf.o
                0x08000d40                HAL_PCD_DisconnectCallback
 .text.USBD_LL_Init
                0x08000d4c       0x68 build/usbd_conf.o
                0x08000d4c                USBD_LL_Init
 .text.USBD_LL_IsStallEP
                0x08000db4       0x2e build/usbd_conf.o
                0x08000db4                USBD_LL_IsStallEP
 .text.USBD_LL_GetRxDataSize
                0x08000de2        0xc build/usbd_conf.o
                0x08000de2                USBD_LL_GetRxDataSize
 .text.USBD_Get_USB_Status
                0x08000dee       0x14 build/usbd_conf.o
                0x08000dee                USBD_Get_USB_Status
 .text.USBD_LL_Start
                0x08000e02       0x10 build/usbd_conf.o
                0x08000e02                USBD_LL_Start
 .text.USBD_LL_OpenEP
                0x08000e12       0x16 build/usbd_conf.o
                0x08000e12                USBD_LL_OpenEP
 .text.USBD_LL_CloseEP
                0x08000e28       0x10 build/usbd_conf.o
                0x08000e28                USBD_LL_CloseEP
 .text.USBD_LL_StallEP
                0x08000e38       0x10 build/usbd_conf.o
                0x08000e38                USBD_LL_StallEP
 .text.USBD_LL_ClearStallEP
                0x08000e48       0x10 build/usbd_conf.o
                0x08000e48                USBD_LL_ClearStallEP
 .text.USBD_LL_SetUSBAddress
                0x08000e58       0x10 build/usbd_conf.o
                0x08000e58                USBD_LL_SetUSBAddress
 .text.USBD_LL_Transmit
                0x08000e68       0x10 build/usbd_conf.o
                0x08000e68                USBD_LL_Transmit
 .text.USBD_LL_PrepareReceive
                0x08000e78       0x10 build/usbd_conf.o
                0x08000e78                USBD_LL_PrepareReceive
 .text.PCD_WriteEmptyTxFifo
                0x08000e88       0xd0 build/stm32f4xx_hal_pcd.o
 .text.HAL_PCD_Init
                0x08000f58      0x12e build/stm32f4xx_hal_pcd.o
                0x08000f58                HAL_PCD_Init
 .text.HAL_PCD_Start
                0x08001086       0x42 build/stm32f4xx_hal_pcd.o
                0x08001086                HAL_PCD_Start
 .text.PCD_EP_OutXfrComplete_int
                0x080010c8       0xf4 build/stm32f4xx_hal_pcd.o
 .text.PCD_EP_OutSetupPacket_int
                0x080011bc       0x50 build/stm32f4xx_hal_pcd.o
 .text.HAL_PCD_IRQHandler
                0x0800120c      0x476 build/stm32f4xx_hal_pcd.o
                0x0800120c                HAL_PCD_IRQHandler
 .text.HAL_PCD_SetAddress
                0x08001682       0x28 build/stm32f4xx_hal_pcd.o
                0x08001682                HAL_PCD_SetAddress
 .text.HAL_PCD_EP_Open
                0x080016aa       0x8a build/stm32f4xx_hal_pcd.o
                0x080016aa                HAL_PCD_EP_Open
 .text.HAL_PCD_EP_Close
                0x08001734       0x72 build/stm32f4xx_hal_pcd.o
                0x08001734                HAL_PCD_EP_Close
 .text.HAL_PCD_EP_Receive
                0x080017a6       0x5e build/stm32f4xx_hal_pcd.o
                0x080017a6                HAL_PCD_EP_Receive
 .text.HAL_PCD_EP_GetRxCount
                0x08001804       0x12 build/stm32f4xx_hal_pcd.o
                0x08001804                HAL_PCD_EP_GetRxCount
 .text.HAL_PCD_EP_Transmit
                0x08001816       0x5e build/stm32f4xx_hal_pcd.o
                0x08001816                HAL_PCD_EP_Transmit
 .text.HAL_PCD_EP_SetStall
                0x08001874       0x88 build/stm32f4xx_hal_pcd.o
                0x08001874                HAL_PCD_EP_SetStall
 .text.HAL_PCD_EP_ClrStall
                0x080018fc       0x76 build/stm32f4xx_hal_pcd.o
                0x080018fc                HAL_PCD_EP_ClrStall
 .text.HAL_PCDEx_SetTxFiFo
                0x08001972       0x4c build/stm32f4xx_hal_pcd_ex.o
                0x08001972                HAL_PCDEx_SetTxFiFo
 .text.HAL_PCDEx_SetRxFiFo
                0x080019be        0x8 build/stm32f4xx_hal_pcd_ex.o
                0x080019be                HAL_PCDEx_SetRxFiFo
 .text.HAL_PCDEx_LPM_Callback
                0x080019c6        0x2 build/stm32f4xx_hal_pcd_ex.o
                0x080019c6                HAL_PCDEx_LPM_Callback
 .text.USB_CoreReset
                0x080019c8       0x3c build/stm32f4xx_ll_usb.o
 .text.USB_CoreInit
                0x08001a04       0x8a build/stm32f4xx_ll_usb.o
                0x08001a04                USB_CoreInit
 *fill*         0x08001a8e        0x2 
 .text.USB_SetTurnaroundTime
                0x08001a90       0xe4 build/stm32f4xx_ll_usb.o
                0x08001a90                USB_SetTurnaroundTime
 .text.USB_EnableGlobalInt
                0x08001b74        0xc build/stm32f4xx_ll_usb.o
                0x08001b74                USB_EnableGlobalInt
 .text.USB_DisableGlobalInt
                0x08001b80        0xc build/stm32f4xx_ll_usb.o
                0x08001b80                USB_DisableGlobalInt
 .text.USB_SetCurrentMode
                0x08001b8c       0x30 build/stm32f4xx_ll_usb.o
                0x08001b8c                USB_SetCurrentMode
 .text.USB_FlushTxFifo
                0x08001bbc       0x28 build/stm32f4xx_ll_usb.o
                0x08001bbc                USB_FlushTxFifo
 .text.USB_FlushRxFifo
                0x08001be4       0x24 build/stm32f4xx_ll_usb.o
                0x08001be4                USB_FlushRxFifo
 .text.USB_SetDevSpeed
                0x08001c08        0xe build/stm32f4xx_ll_usb.o
                0x08001c08                USB_SetDevSpeed
 *fill*         0x08001c16        0x2 
 .text.USB_DevInit
                0x08001c18      0x190 build/stm32f4xx_ll_usb.o
                0x08001c18                USB_DevInit
 .text.USB_GetDevSpeed
                0x08001da8       0x22 build/stm32f4xx_ll_usb.o
                0x08001da8                USB_GetDevSpeed
 .text.USB_ActivateEndpoint
                0x08001dca       0x9c build/stm32f4xx_ll_usb.o
                0x08001dca                USB_ActivateEndpoint
 *fill*         0x08001e66        0x2 
 .text.USB_DeactivateEndpoint
                0x08001e68       0xe0 build/stm32f4xx_ll_usb.o
                0x08001e68                USB_DeactivateEndpoint
 .text.USB_EP0StartXfer
                0x08001f48      0x120 build/stm32f4xx_ll_usb.o
                0x08001f48                USB_EP0StartXfer
 .text.USB_WritePacket
                0x08002068       0x2e build/stm32f4xx_ll_usb.o
                0x08002068                USB_WritePacket
 *fill*         0x08002096        0x2 
 .text.USB_EPStartXfer
                0x08002098      0x238 build/stm32f4xx_ll_usb.o
                0x08002098                USB_EPStartXfer
 .text.USB_ReadPacket
                0x080022d0       0x1e build/stm32f4xx_ll_usb.o
                0x080022d0                USB_ReadPacket
 .text.USB_EPSetStall
                0x080022ee       0x5a build/stm32f4xx_ll_usb.o
                0x080022ee                USB_EPSetStall
 .text.USB_EPClearStall
                0x08002348       0x5c build/stm32f4xx_ll_usb.o
                0x08002348                USB_EPClearStall
 .text.USB_SetDevAddress
                0x080023a4       0x20 build/stm32f4xx_ll_usb.o
                0x080023a4                USB_SetDevAddress
 .text.USB_DevConnect
                0x080023c4       0x1c build/stm32f4xx_ll_usb.o
                0x080023c4                USB_DevConnect
 .text.USB_DevDisconnect
                0x080023e0       0x1c build/stm32f4xx_ll_usb.o
                0x080023e0                USB_DevDisconnect
 .text.USB_ReadInterrupts
                0x080023fc        0x8 build/stm32f4xx_ll_usb.o
                0x080023fc                USB_ReadInterrupts
 .text.USB_ReadDevAllOutEpInterrupt
                0x08002404       0x10 build/stm32f4xx_ll_usb.o
                0x08002404                USB_ReadDevAllOutEpInterrupt
 .text.USB_ReadDevAllInEpInterrupt
                0x08002414       0x10 build/stm32f4xx_ll_usb.o
                0x08002414                USB_ReadDevAllInEpInterrupt
 .text.USB_ReadDevOutEPInterrupt
                0x08002424       0x12 build/stm32f4xx_ll_usb.o
                0x08002424                USB_ReadDevOutEPInterrupt
 .text.USB_ReadDevInEPInterrupt
                0x08002436       0x28 build/stm32f4xx_ll_usb.o
                0x08002436                USB_ReadDevInEPInterrupt
 .text.USB_GetMode
                0x0800245e        0x8 build/stm32f4xx_ll_usb.o
                0x0800245e                USB_GetMode
 .text.USB_ActivateSetup
                0x08002466       0x20 build/stm32f4xx_ll_usb.o
                0x08002466                USB_ActivateSetup
 *fill*         0x08002486        0x2 
 .text.USB_EP0_OutStart
                0x08002488       0x60 build/stm32f4xx_ll_usb.o
                0x08002488                USB_EP0_OutStart
 .text.HAL_RCC_OscConfig
                0x080024e8      0x3ec build/stm32f4xx_hal_rcc.o
                0x080024e8                HAL_RCC_OscConfig
 .text.HAL_RCC_GetSysClockFreq
                0x080028d4       0xd4 build/stm32f4xx_hal_rcc.o
                0x080028d4                HAL_RCC_GetSysClockFreq
 .text.HAL_RCC_ClockConfig
                0x080029a8      0x160 build/stm32f4xx_hal_rcc.o
                0x080029a8                HAL_RCC_ClockConfig
 .text.HAL_RCC_GetHCLKFreq
                0x08002b08        0xc build/stm32f4xx_hal_rcc.o
                0x08002b08                HAL_RCC_GetHCLKFreq
 .text.HAL_RCC_GetPCLK1Freq
                0x08002b14       0x20 build/stm32f4xx_hal_rcc.o
                0x08002b14                HAL_RCC_GetPCLK1Freq
 .text.HAL_RCCEx_PeriphCLKConfig
                0x08002b34      0x154 build/stm32f4xx_hal_rcc_ex.o
                0x08002b34                HAL_RCCEx_PeriphCLKConfig
 .text.HAL_RCCEx_GetPeriphCLKFreq
                0x08002c88       0x74 build/stm32f4xx_hal_rcc_ex.o
                0x08002c88                HAL_RCCEx_GetPeriphCLKFreq
 .text.HAL_GPIO_Init
                0x08002cfc      0x1d0 build/stm32f4xx_hal_gpio.o
                0x08002cfc                HAL_GPIO_Init
 .text.HAL_GPIO_WritePin
                0x08002ecc        0xc build/stm32f4xx_hal_gpio.o
                0x08002ecc                HAL_GPIO_WritePin
 .text.HAL_GPIO_TogglePin
                0x08002ed8       0x12 build/stm32f4xx_hal_gpio.o
                0x08002ed8                HAL_GPIO_TogglePin
 *fill*         0x08002eea        0x2 
 .text.DMA_CalcBaseAndBitshift
                0x08002eec       0x44 build/stm32f4xx_hal_dma.o
 .text.DMA_CheckFifoParam
                0x08002f30       0x8e build/stm32f4xx_hal_dma.o
 *fill*         0x08002fbe        0x2 
 .text.HAL_DMA_Init
                0x08002fc0       0xcc build/stm32f4xx_hal_dma.o
                0x08002fc0                HAL_DMA_Init
 .text.HAL_DMA_IRQHandler
                0x0800308c      0x1dc build/stm32f4xx_hal_dma.o
                0x0800308c                HAL_DMA_IRQHandler
 .text.HAL_NVIC_SetPriorityGrouping
                0x08003268       0x24 build/stm32f4xx_hal_cortex.o
                0x08003268                HAL_NVIC_SetPriorityGrouping
 .text.HAL_NVIC_SetPriority
                0x0800328c       0x70 build/stm32f4xx_hal_cortex.o
                0x0800328c                HAL_NVIC_SetPriority
 .text.HAL_NVIC_EnableIRQ
                0x080032fc       0x1c build/stm32f4xx_hal_cortex.o
                0x080032fc                HAL_NVIC_EnableIRQ
 .text.HAL_SYSTICK_Config
                0x08003318       0x28 build/stm32f4xx_hal_cortex.o
                0x08003318                HAL_SYSTICK_Config
 .text.HAL_InitTick
                0x08003340       0x4c build/stm32f4xx_hal.o
                0x08003340                HAL_InitTick
 .text.HAL_Init
                0x0800338c       0x34 build/stm32f4xx_hal.o
                0x0800338c                HAL_Init
 .text.HAL_IncTick
                0x080033c0       0x18 build/stm32f4xx_hal.o
                0x080033c0                HAL_IncTick
 .text.HAL_GetTick
                0x080033d8        0xc build/stm32f4xx_hal.o
                0x080033d8                HAL_GetTick
 .text.HAL_Delay
                0x080033e4       0x28 build/stm32f4xx_hal.o
                0x080033e4                HAL_Delay
 .text.HAL_I2C_Init
                0x0800340c      0x1bc build/stm32f4xx_hal_i2c.o
                0x0800340c                HAL_I2C_Init
 .text.HAL_I2S_Init
                0x080035c8      0x1a0 build/stm32f4xx_hal_i2s.o
                0x080035c8                HAL_I2S_Init
 .text.HAL_I2S_TxCpltCallback
                0x08003768        0x2 build/stm32f4xx_hal_i2s.o
                0x08003768                HAL_I2S_TxCpltCallback
 .text.I2S_Transmit_IT
                0x0800376a       0x38 build/stm32f4xx_hal_i2s.o
 .text.HAL_I2S_RxCpltCallback
                0x080037a2        0x2 build/stm32f4xx_hal_i2s.o
                0x080037a2                HAL_I2S_RxCpltCallback
 .text.I2S_Receive_IT
                0x080037a4       0x38 build/stm32f4xx_hal_i2s.o
 .text.HAL_I2S_ErrorCallback
                0x080037dc        0x2 build/stm32f4xx_hal_i2s.o
                0x080037dc                HAL_I2S_ErrorCallback
 .text.I2S_IRQHandler
                0x080037de       0xd0 build/stm32f4xx_hal_i2s.o
 .text.HAL_I2SEx_TxRxCpltCallback
                0x080038ae        0x2 build/stm32f4xx_hal_i2s_ex.o
                0x080038ae                HAL_I2SEx_TxRxCpltCallback
 .text.I2SEx_TxISR_I2S
                0x080038b0       0x3c build/stm32f4xx_hal_i2s_ex.o
 .text.I2SEx_RxISR_I2SExt
                0x080038ec       0x64 build/stm32f4xx_hal_i2s_ex.o
 .text.I2SEx_TxISR_I2SExt
                0x08003950       0x64 build/stm32f4xx_hal_i2s_ex.o
 .text.I2SEx_RxISR_I2S
                0x080039b4       0x3c build/stm32f4xx_hal_i2s_ex.o
 .text.HAL_I2SEx_FullDuplex_IRQHandler
                0x080039f0      0x1d8 build/stm32f4xx_hal_i2s_ex.o
                0x080039f0                HAL_I2SEx_FullDuplex_IRQHandler
 .text.SystemInit
                0x08003bc8       0x1c build/system_stm32f4xx.o
                0x08003bc8                SystemInit
 .text.USBD_Init
                0x08003be4       0x38 build/usbd_core.o
                0x08003be4                USBD_Init
 .text.USBD_RegisterClass
                0x08003c1c       0x28 build/usbd_core.o
                0x08003c1c                USBD_RegisterClass
 .text.USBD_Start
                0x08003c44        0x8 build/usbd_core.o
                0x08003c44                USBD_Start
 .text.USBD_SetClassConfig
                0x08003c4c       0x12 build/usbd_core.o
                0x08003c4c                USBD_SetClassConfig
 .text.USBD_ClrClassConfig
                0x08003c5e       0x10 build/usbd_core.o
                0x08003c5e                USBD_ClrClassConfig
 .text.USBD_LL_SetupStage
                0x08003c6e       0x58 build/usbd_core.o
                0x08003c6e                USBD_LL_SetupStage
 .text.USBD_LL_DataOutStage
                0x08003cc6       0x72 build/usbd_core.o
                0x08003cc6                USBD_LL_DataOutStage
 .text.USBD_LL_DataInStage
                0x08003d38       0xb8 build/usbd_core.o
                0x08003d38                USBD_LL_DataInStage
 .text.USBD_LL_Reset
                0x08003df0       0x52 build/usbd_core.o
                0x08003df0                USBD_LL_Reset
 .text.USBD_LL_SetSpeed
                0x08003e42        0x6 build/usbd_core.o
                0x08003e42                USBD_LL_SetSpeed
 .text.USBD_LL_Suspend
                0x08003e48       0x12 build/usbd_core.o
                0x08003e48                USBD_LL_Suspend
 .text.USBD_LL_Resume
                0x08003e5a       0x16 build/usbd_core.o
                0x08003e5a                USBD_LL_Resume
 .text.USBD_LL_SOF
                0x08003e70       0x1c build/usbd_core.o
                0x08003e70                USBD_LL_SOF
 .text.USBD_LL_IsoINIncomplete
                0x08003e8c        0x4 build/usbd_core.o
                0x08003e8c                USBD_LL_IsoINIncomplete
 .text.USBD_LL_IsoOUTIncomplete
                0x08003e90        0x4 build/usbd_core.o
                0x08003e90                USBD_LL_IsoOUTIncomplete
 .text.USBD_LL_DevConnected
                0x08003e94        0x4 build/usbd_core.o
                0x08003e94                USBD_LL_DevConnected
 .text.USBD_LL_DevDisconnected
                0x08003e98       0x18 build/usbd_core.o
                0x08003e98                USBD_LL_DevDisconnected
 .text.USBD_GetLen
                0x08003eb0       0x14 build/usbd_ctlreq.o
 .text.USBD_SetFeature
                0x08003ec4       0x14 build/usbd_ctlreq.o
 .text.USBD_ParseSetupRequest
                0x08003ed8       0x28 build/usbd_ctlreq.o
                0x08003ed8                USBD_ParseSetupRequest
 .text.USBD_CtlError
                0x08003f00       0x14 build/usbd_ctlreq.o
                0x08003f00                USBD_CtlError
 .text.USBD_GetDescriptor
                0x08003f14      0x18a build/usbd_ctlreq.o
 .text.USBD_SetAddress
                0x0800409e       0x4e build/usbd_ctlreq.o
 .text.USBD_SetConfig
                0x080040ec       0xc4 build/usbd_ctlreq.o
 .text.USBD_GetConfig
                0x080041b0       0x3e build/usbd_ctlreq.o
 .text.USBD_GetStatus
                0x080041ee       0x38 build/usbd_ctlreq.o
 .text.USBD_ClrFeature
                0x08004226       0x26 build/usbd_ctlreq.o
 .text.USBD_StdDevReq
                0x0800424c       0x70 build/usbd_ctlreq.o
                0x0800424c                USBD_StdDevReq
 .text.USBD_StdItfReq
                0x080042bc       0x68 build/usbd_ctlreq.o
                0x080042bc                USBD_StdItfReq
 .text.USBD_StdEPReq
                0x08004324      0x1e4 build/usbd_ctlreq.o
                0x08004324                USBD_StdEPReq
 .text.USBD_GetString
                0x08004508       0x3a build/usbd_ctlreq.o
                0x08004508                USBD_GetString
 .text.USBD_CtlSendData
                0x08004542       0x1a build/usbd_ioreq.o
                0x08004542                USBD_CtlSendData
 .text.USBD_CtlContinueSendData
                0x0800455c       0x10 build/usbd_ioreq.o
                0x0800455c                USBD_CtlContinueSendData
 .text.USBD_CtlPrepareRx
                0x0800456c       0x1e build/usbd_ioreq.o
                0x0800456c                USBD_CtlPrepareRx
 .text.USBD_CtlContinueRx
                0x0800458a       0x10 build/usbd_ioreq.o
                0x0800458a                USBD_CtlContinueRx
 .text.USBD_CtlSendStatus
                0x0800459a       0x16 build/usbd_ioreq.o
                0x0800459a                USBD_CtlSendStatus
 .text.USBD_CtlReceiveStatus
                0x080045b0       0x16 build/usbd_ioreq.o
                0x080045b0                USBD_CtlReceiveStatus
 *fill*         0x080045c6        0x2 
 .text.USBD_AUDIO_GetCfgDesc
                0x080045c8        0xc build/usbd_audio.o
 .text.USBD_AUDIO_DataIn
                0x080045d4        0x4 build/usbd_audio.o
 .text.USBD_AUDIO_EP0_RxReady
                0x080045d8       0x3e build/usbd_audio.o
 .text.USBD_AUDIO_EP0_TxReady
                0x08004616        0x4 build/usbd_audio.o
 .text.USBD_AUDIO_SOF
                0x0800461a        0x4 build/usbd_audio.o
 .text.USBD_AUDIO_IsoINIncomplete
                0x0800461e        0x4 build/usbd_audio.o
 .text.USBD_AUDIO_IsoOutIncomplete
                0x08004622        0x4 build/usbd_audio.o
 *fill*         0x08004626        0x2 
 .text.USBD_AUDIO_GetDeviceQualifierDesc
                0x08004628        0xc build/usbd_audio.o
 .text.USBD_AUDIO_DataOut
                0x08004634       0xa2 build/usbd_audio.o
 .text.AUDIO_REQ_GetCurrent
                0x080046d6       0x26 build/usbd_audio.o
 .text.AUDIO_REQ_SetCurrent
                0x080046fc       0x32 build/usbd_audio.o
 *fill*         0x0800472e        0x2 
 .text.USBD_AUDIO_Setup
                0x08004730       0xdc build/usbd_audio.o
 .text.USBD_AUDIO_DeInit
                0x0800480c       0x36 build/usbd_audio.o
 .text.USBD_AUDIO_Init
                0x08004842       0x80 build/usbd_audio.o
 .text.USBD_AUDIO_RegisterInterface
                0x080048c2        0xe build/usbd_audio.o
                0x080048c2                USBD_AUDIO_RegisterInterface
 .text.Reset_Handler
                0x080048d0       0x50 build/startup_stm32f407xx.o
                0x080048d0                Reset_Handler
 .text.Default_Handler
                0x08004920        0x2 build/startup_stm32f407xx.o
                0x08004920                RTC_Alarm_IRQHandler
                0x08004920                HASH_RNG_IRQHandler
                0x08004920                EXTI2_IRQHandler
                0x08004920                TIM8_CC_IRQHandler
                0x08004920                TIM1_CC_IRQHandler
                0x08004920                DMA2_Stream5_IRQHandler
                0x08004920                PVD_IRQHandler
                0x08004920                SDIO_IRQHandler
                0x08004920                TAMP_STAMP_IRQHandler
                0x08004920                CAN2_RX1_IRQHandler
                0x08004920                EXTI3_IRQHandler
                0x08004920                TIM8_TRG_COM_TIM14_IRQHandler
                0x08004920                TIM1_UP_TIM10_IRQHandler
                0x08004920                TIM8_UP_TIM13_IRQHandler
                0x08004920                I2C3_ER_IRQHandler
                0x08004920                EXTI0_IRQHandler
                0x08004920                I2C2_EV_IRQHandler
                0x08004920                DMA1_Stream2_IRQHandler
                0x08004920                CAN1_RX0_IRQHandler
                0x08004920                FPU_IRQHandler
                0x08004920                OTG_HS_WKUP_IRQHandler
                0x08004920                CAN2_SCE_IRQHandler
                0x08004920                DMA2_Stream2_IRQHandler
                0x08004920                SPI1_IRQHandler
                0x08004920                TIM6_DAC_IRQHandler
                0x08004920                TIM1_BRK_TIM9_IRQHandler
                0x08004920                DCMI_IRQHandler
                0x08004920                CAN2_RX0_IRQHandler
                0x08004920                DMA2_Stream3_IRQHandler
                0x08004920                USART6_IRQHandler
                0x08004920                USART3_IRQHandler
                0x08004920                CAN1_RX1_IRQHandler
                0x08004920                UART5_IRQHandler
                0x08004920                DMA2_Stream0_IRQHandler
                0x08004920                TIM4_IRQHandler
                0x08004920                I2C1_EV_IRQHandler
                0x08004920                DMA1_Stream6_IRQHandler
                0x08004920                DMA1_Stream1_IRQHandler
                0x08004920                UART4_IRQHandler
                0x08004920                TIM3_IRQHandler
                0x08004920                RCC_IRQHandler
                0x08004920                TIM8_BRK_TIM12_IRQHandler
                0x08004920                Default_Handler
                0x08004920                EXTI15_10_IRQHandler
                0x08004920                ADC_IRQHandler
                0x08004920                DMA1_Stream7_IRQHandler
                0x08004920                TIM7_IRQHandler
                0x08004920                CAN2_TX_IRQHandler
                0x08004920                TIM5_IRQHandler
                0x08004920                DMA2_Stream7_IRQHandler
                0x08004920                I2C3_EV_IRQHandler
                0x08004920                EXTI9_5_IRQHandler
                0x08004920                RTC_WKUP_IRQHandler
                0x08004920                ETH_WKUP_IRQHandler
                0x08004920                SPI2_IRQHandler
                0x08004920                OTG_HS_EP1_IN_IRQHandler
                0x08004920                DMA1_Stream0_IRQHandler
                0x08004920                CAN1_TX_IRQHandler
                0x08004920                EXTI4_IRQHandler
                0x08004920                FSMC_IRQHandler
                0x08004920                ETH_IRQHandler
                0x08004920                OTG_HS_EP1_OUT_IRQHandler
                0x08004920                WWDG_IRQHandler
                0x08004920                TIM2_IRQHandler
                0x08004920                OTG_FS_WKUP_IRQHandler
                0x08004920                TIM1_TRG_COM_TIM11_IRQHandler
                0x08004920                OTG_HS_IRQHandler
                0x08004920                EXTI1_IRQHandler
                0x08004920                USART2_IRQHandler
                0x08004920                I2C2_ER_IRQHandler
                0x08004920                DMA2_Stream1_IRQHandler
                0x08004920                CAN1_SCE_IRQHandler
                0x08004920                FLASH_IRQHandler
                0x08004920                DMA2_Stream4_IRQHandler
                0x08004920                USART1_IRQHandler
                0x08004920                SPI3_IRQHandler
                0x08004920                DMA1_Stream4_IRQHandler
                0x08004920                I2C1_ER_IRQHandler
                0x08004920                DMA2_Stream6_IRQHandler
                0x08004920                DMA1_Stream3_IRQHandler
 *fill*         0x08004922        0x2 
 .text.__libc_init_array
                0x08004924       0x48 d:/program files/gnu arm embedded toolchain/10 2020-q4-major/bin/../lib/gcc/arm-none-eabi/10.2.1/../../../../arm-none-eabi/lib/thumb/v7e-m+fp/hard\libc_nano.a(lib_a-init.o)
                0x08004924                __libc_init_array
 .text.malloc   0x0800496c       0x10 d:/program files/gnu arm embedded toolchain/10 2020-q4-major/bin/../lib/gcc/arm-none-eabi/10.2.1/../../../../arm-none-eabi/lib/thumb/v7e-m+fp/hard\libc_nano.a(lib_a-malloc.o)
                0x0800496c                malloc
 .text.free     0x0800497c       0x10 d:/program files/gnu arm embedded toolchain/10 2020-q4-major/bin/../lib/gcc/arm-none-eabi/10.2.1/../../../../arm-none-eabi/lib/thumb/v7e-m+fp/hard\libc_nano.a(lib_a-malloc.o)
                0x0800497c                free
 .text.memset   0x0800498c       0x10 d:/program files/gnu arm embedded toolchain/10 2020-q4-major/bin/../lib/gcc/arm-none-eabi/10.2.1/../../../../arm-none-eabi/lib/thumb/v7e-m+fp/hard\libc_nano.a(lib_a-memset.o)
                0x0800498c                memset
 .text._free_r  0x0800499c       0x98 d:/program files/gnu arm embedded toolchain/10 2020-q4-major/bin/../lib/gcc/arm-none-eabi/10.2.1/../../../../arm-none-eabi/lib/thumb/v7e-m+fp/hard\libc_nano.a(lib_a-nano-freer.o)
                0x0800499c                _free_r
 .text._malloc_r
                0x08004a34       0xb4 d:/program files/gnu arm embedded toolchain/10 2020-q4-major/bin/../lib/gcc/arm-none-eabi/10.2.1/../../../../arm-none-eabi/lib/thumb/v7e-m+fp/hard\libc_nano.a(lib_a-nano-mallocr.o)
                0x08004a34                _malloc_r
 .text._sbrk_r  0x08004ae8       0x20 d:/program files/gnu arm embedded toolchain/10 2020-q4-major/bin/../lib/gcc/arm-none-eabi/10.2.1/../../../../arm-none-eabi/lib/thumb/v7e-m+fp/hard\libc_nano.a(lib_a-sbrkr.o)
                0x08004ae8                _sbrk_r
 .text.__malloc_lock
                0x08004b08        0xc d:/program files/gnu arm embedded toolchain/10 2020-q4-major/bin/../lib/gcc/arm-none-eabi/10.2.1/../../../../arm-none-eabi/lib/thumb/v7e-m+fp/hard\libc_nano.a(lib_a-mlock.o)
                0x08004b08                __malloc_lock
 .text.__malloc_unlock
                0x08004b14        0xc d:/program files/gnu arm embedded toolchain/10 2020-q4-major/bin/../lib/gcc/arm-none-eabi/10.2.1/../../../../arm-none-eabi/lib/thumb/v7e-m+fp/hard\libc_nano.a(lib_a-mlock.o)
                0x08004b14                __malloc_unlock
 .text.__retarget_lock_acquire_recursive
                0x08004b20        0x2 d:/program files/gnu arm embedded toolchain/10 2020-q4-major/bin/../lib/gcc/arm-none-eabi/10.2.1/../../../../arm-none-eabi/lib/thumb/v7e-m+fp/hard\libc_nano.a(lib_a-lock.o)
                0x08004b20                __retarget_lock_acquire_recursive
 .text.__retarget_lock_release_recursive
                0x08004b22        0x2 d:/program files/gnu arm embedded toolchain/10 2020-q4-major/bin/../lib/gcc/arm-none-eabi/10.2.1/../../../../arm-none-eabi/lib/thumb/v7e-m+fp/hard\libc_nano.a(lib_a-lock.o)
                0x08004b22                __retarget_lock_release_recursive
 .text._sbrk    0x08004b24       0x1c d:/program files/gnu arm embedded toolchain/10 2020-q4-major/bin/../lib/gcc/arm-none-eabi/10.2.1/../../../../arm-none-eabi/lib/thumb/v7e-m+fp/hard\libnosys.a(sbrk.o)
                0x08004b24                _sbrk
 *(.glue_7)
 .glue_7        0x08004b40        0x0 linker stubs
 *(.glue_7t)
 .glue_7t       0x08004b40        0x0 linker stubs
 *(.eh_frame)
 .eh_frame      0x08004b40        0x0 d:/program files/gnu arm embedded toolchain/10 2020-q4-major/bin/../lib/gcc/arm-none-eabi/10.2.1/thumb/v7e-m+fp/hard/crtbegin.o
 *(.init)
 .init          0x08004b40        0x4 d:/program files/gnu arm embedded toolchain/10 2020-q4-major/bin/../lib/gcc/arm-none-eabi/10.2.1/thumb/v7e-m+fp/hard/crti.o
                0x08004b40                _init
 .init          0x08004b44        0x8 d:/program files/gnu arm embedded toolchain/10 2020-q4-major/bin/../lib/gcc/arm-none-eabi/10.2.1/thumb/v7e-m+fp/hard/crtn.o
 *(.fini)
 .fini          0x08004b4c        0x4 d:/program files/gnu arm embedded toolchain/10 2020-q4-major/bin/../lib/gcc/arm-none-eabi/10.2.1/thumb/v7e-m+fp/hard/crti.o
                0x08004b4c                _fini
 .fini          0x08004b50        0x8 d:/program files/gnu arm embedded toolchain/10 2020-q4-major/bin/../lib/gcc/arm-none-eabi/10.2.1/thumb/v7e-m+fp/hard/crtn.o
                0x08004b58                . = ALIGN (0x4)
                0x08004b58                _etext = .

.vfp11_veneer   0x08004b58        0x0
 .vfp11_veneer  0x08004b58        0x0 linker stubs

.v4_bx          0x08004b58        0x0
 .v4_bx         0x08004b58        0x0 linker stubs

.iplt           0x08004b58        0x0
 .iplt          0x08004b58        0x0 d:/program files/gnu arm embedded toolchain/10 2020-q4-major/bin/../lib/gcc/arm-none-eabi/10.2.1/thumb/v7e-m+fp/hard/crtbegin.o

.rodata         0x08004b58       0x68
                0x08004b58                . = ALIGN (0x4)
 *(.rodata)
 *(.rodata*)
 .rodata.USBD_FS_ProductStrDescriptor.str1.4
                0x08004b58       0x12 build/usbd_desc.o
 *fill*         0x08004b6a        0x2 
 .rodata.USBD_FS_ManufacturerStrDescriptor.str1.4
                0x08004b6c       0x13 build/usbd_desc.o
 *fill*         0x08004b7f        0x1 
 .rodata.USBD_FS_ConfigStrDescriptor.str1.4
                0x08004b80        0xd build/usbd_desc.o
 *fill*         0x08004b8d        0x3 
 .rodata.USBD_FS_InterfaceStrDescriptor.str1.4
                0x08004b90       0x10 build/usbd_desc.o
 .rodata.flagBitshiftOffset.0
                0x08004ba0        0x8 build/stm32f4xx_hal_dma.o
 .rodata.AHBPrescTable
                0x08004ba8       0x10 build/system_stm32f4xx.o
                0x08004ba8                AHBPrescTable
 .rodata.APBPrescTable
                0x08004bb8        0x8 build/system_stm32f4xx.o
                0x08004bb8                APBPrescTable
                0x08004bc0                . = ALIGN (0x4)

.ARM.extab
 *(.ARM.extab* .gnu.linkonce.armextab.*)

.ARM            0x08004bc0        0x8
                0x08004bc0                __exidx_start = .
 *(.ARM.exidx*)
 .ARM.exidx     0x08004bc0        0x8 d:/program files/gnu arm embedded toolchain/10 2020-q4-major/bin/../lib/gcc/arm-none-eabi/10.2.1/thumb/v7e-m+fp/hard\libgcc.a(_udivmoddi4.o)
                0x08004bc8                __exidx_end = .

.rel.dyn        0x08004bc8        0x0
 .rel.iplt      0x08004bc8        0x0 d:/program files/gnu arm embedded toolchain/10 2020-q4-major/bin/../lib/gcc/arm-none-eabi/10.2.1/thumb/v7e-m+fp/hard/crtbegin.o

.preinit_array  0x08004bc8        0x0
                0x08004bc8                PROVIDE (__preinit_array_start = .)
 *(.preinit_array*)
                0x08004bc8                PROVIDE (__preinit_array_end = .)

.init_array     0x08004bc8        0x4
                0x08004bc8                PROVIDE (__init_array_start = .)
 *(SORT_BY_NAME(.init_array.*))
 *(.init_array*)
 .init_array    0x08004bc8        0x4 d:/program files/gnu arm embedded toolchain/10 2020-q4-major/bin/../lib/gcc/arm-none-eabi/10.2.1/thumb/v7e-m+fp/hard/crtbegin.o
                0x08004bcc                PROVIDE (__init_array_end = .)

.fini_array     0x08004bcc        0x4
                [!provide]                PROVIDE (__fini_array_start = .)
 *(SORT_BY_NAME(.fini_array.*))
 *(.fini_array*)
 .fini_array    0x08004bcc        0x4 d:/program files/gnu arm embedded toolchain/10 2020-q4-major/bin/../lib/gcc/arm-none-eabi/10.2.1/thumb/v7e-m+fp/hard/crtbegin.o
                [!provide]                PROVIDE (__fini_array_end = .)
                0x08004bd0                _sidata = LOADADDR (.data)

.data           0x20000000      0x190 load address 0x08004bd0
                0x20000000                . = ALIGN (0x4)
                0x20000000                _sdata = .
 *(.data)
 *(.data*)
 .data.FS_Desc  0x20000000       0x1c build/usbd_desc.o
                0x20000000                FS_Desc
 .data.USBD_FS_DeviceDesc
                0x2000001c       0x12 build/usbd_desc.o
                0x2000001c                USBD_FS_DeviceDesc
 *fill*         0x2000002e        0x2 
 .data.USBD_LangIDDesc
                0x20000030        0x4 build/usbd_desc.o
                0x20000030                USBD_LangIDDesc
 .data.USBD_StringSerial
                0x20000034       0x1a build/usbd_desc.o
                0x20000034                USBD_StringSerial
 *fill*         0x2000004e        0x2 
 .data.USBD_AUDIO_fops_FS
                0x20000050       0x1c build/usbd_audio_if.o
                0x20000050                USBD_AUDIO_fops_FS
 .data.uwTickFreq
                0x2000006c        0x1 build/stm32f4xx_hal.o
                0x2000006c                uwTickFreq
 *fill*         0x2000006d        0x3 
 .data.uwTickPrio
                0x20000070        0x4 build/stm32f4xx_hal.o
                0x20000070                uwTickPrio
 .data.SystemCoreClock
                0x20000074        0x4 build/system_stm32f4xx.o
                0x20000074                SystemCoreClock
 .data.USBD_AUDIO
                0x20000078       0x38 build/usbd_audio.o
                0x20000078                USBD_AUDIO
 .data.USBD_AUDIO_CfgDesc
                0x200000b0       0x6d build/usbd_audio.o
 *fill*         0x2000011d        0x3 
 .data.USBD_AUDIO_DeviceQualifierDesc
                0x20000120        0xa build/usbd_audio.o
 *fill*         0x2000012a        0x2 
 .data._impure_ptr
                0x2000012c        0x4 d:/program files/gnu arm embedded toolchain/10 2020-q4-major/bin/../lib/gcc/arm-none-eabi/10.2.1/../../../../arm-none-eabi/lib/thumb/v7e-m+fp/hard\libc_nano.a(lib_a-impure.o)
                0x2000012c                _impure_ptr
 .data.impure_data
                0x20000130       0x60 d:/program files/gnu arm embedded toolchain/10 2020-q4-major/bin/../lib/gcc/arm-none-eabi/10.2.1/../../../../arm-none-eabi/lib/thumb/v7e-m+fp/hard\libc_nano.a(lib_a-impure.o)
                0x20000190                . = ALIGN (0x4)
                0x20000190                _edata = .
                0x08004d60                _siccmram = LOADADDR (.ccmram)

.igot.plt       0x20000190        0x0 load address 0x08004d60
 .igot.plt      0x20000190        0x0 d:/program files/gnu arm embedded toolchain/10 2020-q4-major/bin/../lib/gcc/arm-none-eabi/10.2.1/thumb/v7e-m+fp/hard/crtbegin.o

.ccmram         0x10000000        0x0 load address 0x08004d60
                0x10000000                . = ALIGN (0x4)
                0x10000000                _sccmram = .
 *(.ccmram)
 *(.ccmram*)
                0x10000000                . = ALIGN (0x4)
                0x10000000                _eccmram = .
                0x10000000                . = ALIGN (0x4)

.bss            0x20000190      0xa0c
                0x20000190                _sbss = .
                0x20000190                __bss_start__ = _sbss
 *(.bss)
 .bss           0x20000190       0x1c d:/program files/gnu arm embedded toolchain/10 2020-q4-major/bin/../lib/gcc/arm-none-eabi/10.2.1/thumb/v7e-m+fp/hard/crtbegin.o
 *(.bss*)
 .bss.hdma_spi3_tx
                0x200001ac       0x60 build/main.o
                0x200001ac                hdma_spi3_tx
 .bss.hi2c1     0x2000020c       0x54 build/main.o
                0x2000020c                hi2c1
 .bss.hi2s3     0x20000260       0x48 build/main.o
                0x20000260                hi2s3
 .bss.hUsbDeviceFS
                0x200002a8      0x2d0 build/usb_device.o
                0x200002a8                hUsbDeviceFS
 .bss.USBD_StrDesc
                0x20000578      0x200 build/usbd_desc.o
                0x20000578                USBD_StrDesc
 .bss.hpcd_USB_OTG_FS
                0x20000778      0x408 build/usbd_conf.o
                0x20000778                hpcd_USB_OTG_FS
 .bss.uwTick    0x20000b80        0x4 build/stm32f4xx_hal.o
                0x20000b80                uwTick
 .bss.cfgidx.0  0x20000b84        0x1 build/usbd_ctlreq.o
 *fill*         0x20000b85        0x3 
 .bss.__malloc_free_list
                0x20000b88        0x4 d:/program files/gnu arm embedded toolchain/10 2020-q4-major/bin/../lib/gcc/arm-none-eabi/10.2.1/../../../../arm-none-eabi/lib/thumb/v7e-m+fp/hard\libc_nano.a(lib_a-nano-mallocr.o)
                0x20000b88                __malloc_free_list
 .bss.__malloc_sbrk_start
                0x20000b8c        0x4 d:/program files/gnu arm embedded toolchain/10 2020-q4-major/bin/../lib/gcc/arm-none-eabi/10.2.1/../../../../arm-none-eabi/lib/thumb/v7e-m+fp/hard\libc_nano.a(lib_a-nano-mallocr.o)
                0x20000b8c                __malloc_sbrk_start
 .bss.errno     0x20000b90        0x4 d:/program files/gnu arm embedded toolchain/10 2020-q4-major/bin/../lib/gcc/arm-none-eabi/10.2.1/../../../../arm-none-eabi/lib/thumb/v7e-m+fp/hard\libc_nano.a(lib_a-reent.o)
                0x20000b90                errno
 .bss.__lock___malloc_recursive_mutex
                0x20000b94        0x1 d:/program files/gnu arm embedded toolchain/10 2020-q4-major/bin/../lib/gcc/arm-none-eabi/10.2.1/../../../../arm-none-eabi/lib/thumb/v7e-m+fp/hard\libc_nano.a(lib_a-lock.o)
                0x20000b94                __lock___malloc_recursive_mutex
 *fill*         0x20000b95        0x3 
 .bss.heap_end.0
                0x20000b98        0x4 d:/program files/gnu arm embedded toolchain/10 2020-q4-major/bin/../lib/gcc/arm-none-eabi/10.2.1/../../../../arm-none-eabi/lib/thumb/v7e-m+fp/hard\libnosys.a(sbrk.o)
 *(COMMON)
                0x20000b9c                . = ALIGN (0x4)
                0x20000b9c                _ebss = .
                0x20000b9c                __bss_end__ = _ebss

._user_heap_stack
                0x20000b9c     0x5004
                0x20000ba0                . = ALIGN (0x8)
 *fill*         0x20000b9c        0x4 
                0x20000ba0                PROVIDE (end = .)
                [!provide]                PROVIDE (_end = .)
                0x20004ba0                . = (. + _Min_Heap_Size)
 *fill*         0x20000ba0     0x4000 
                0x20005ba0                . = (. + _Min_Stack_Size)
 *fill*         0x20004ba0     0x1000 
                0x20005ba0                . = ALIGN (0x8)

/DISCARD/
 libc.a(*)
 libm.a(*)
 libgcc.a(*)

.ARM.attributes
                0x00000000       0x30
 *(.ARM.attributes)
 .ARM.attributes
                0x00000000       0x1e d:/program files/gnu arm embedded toolchain/10 2020-q4-major/bin/../lib/gcc/arm-none-eabi/10.2.1/thumb/v7e-m+fp/hard/crti.o
 .ARM.attributes
                0x0000001e       0x34 d:/program files/gnu arm embedded toolchain/10 2020-q4-major/bin/../lib/gcc/arm-none-eabi/10.2.1/thumb/v7e-m+fp/hard/crtbegin.o
 .ARM.attributes
                0x00000052       0x34 build/main.o
 .ARM.attributes
                0x00000086       0x34 build/stm32f4xx_it.o
 .ARM.attributes
                0x000000ba       0x34 build/stm32f4xx_hal_msp.o
 .ARM.attributes
                0x000000ee       0x34 build/usb_device.o
 .ARM.attributes
                0x00000122       0x34 build/usbd_desc.o
 .ARM.attributes
                0x00000156       0x34 build/usbd_audio_if.o
 .ARM.attributes
                0x0000018a       0x34 build/usbd_conf.o
 .ARM.attributes
                0x000001be       0x34 build/stm32f4xx_hal_pcd.o
 .ARM.attributes
                0x000001f2       0x34 build/stm32f4xx_hal_pcd_ex.o
 .ARM.attributes
                0x00000226       0x34 build/stm32f4xx_ll_usb.o
 .ARM.attributes
                0x0000025a       0x34 build/stm32f4xx_hal_rcc.o
 .ARM.attributes
                0x0000028e       0x34 build/stm32f4xx_hal_rcc_ex.o
 .ARM.attributes
                0x000002c2       0x34 build/stm32f4xx_hal_gpio.o
 .ARM.attributes
                0x000002f6       0x34 build/stm32f4xx_hal_dma.o
 .ARM.attributes
                0x0000032a       0x34 build/stm32f4xx_hal_cortex.o
 .ARM.attributes
                0x0000035e       0x34 build/stm32f4xx_hal.o
 .ARM.attributes
                0x00000392       0x34 build/stm32f4xx_hal_i2c.o
 .ARM.attributes
                0x000003c6       0x34 build/stm32f4xx_hal_i2s.o
 .ARM.attributes
                0x000003fa       0x34 build/stm32f4xx_hal_i2s_ex.o
 .ARM.attributes
                0x0000042e       0x34 build/system_stm32f4xx.o
 .ARM.attributes
                0x00000462       0x34 build/usbd_core.o
 .ARM.attributes
                0x00000496       0x34 build/usbd_ctlreq.o
 .ARM.attributes
                0x000004ca       0x34 build/usbd_ioreq.o
 .ARM.attributes
                0x000004fe       0x34 build/usbd_audio.o
 .ARM.attributes
                0x00000532       0x21 build/startup_stm32f407xx.o
 .ARM.attributes
                0x00000553       0x32 d:/program files/gnu arm embedded toolchain/10 2020-q4-major/bin/../lib/gcc/arm-none-eabi/10.2.1/../../../../arm-none-eabi/lib/thumb/v7e-m+fp/hard\libc_nano.a(lib_a-impure.o)
 .ARM.attributes
                0x00000585       0x34 d:/program files/gnu arm embedded toolchain/10 2020-q4-major/bin/../lib/gcc/arm-none-eabi/10.2.1/../../../../arm-none-eabi/lib/thumb/v7e-m+fp/hard\libc_nano.a(lib_a-init.o)
 .ARM.attributes
                0x000005b9       0x34 d:/program files/gnu arm embedded toolchain/10 2020-q4-major/bin/../lib/gcc/arm-none-eabi/10.2.1/../../../../arm-none-eabi/lib/thumb/v7e-m+fp/hard\libc_nano.a(lib_a-malloc.o)
 .ARM.attributes
                0x000005ed       0x34 d:/program files/gnu arm embedded toolchain/10 2020-q4-major/bin/../lib/gcc/arm-none-eabi/10.2.1/../../../../arm-none-eabi/lib/thumb/v7e-m+fp/hard\libc_nano.a(lib_a-memset.o)
 .ARM.attributes
                0x00000621       0x34 d:/program files/gnu arm embedded toolchain/10 2020-q4-major/bin/../lib/gcc/arm-none-eabi/10.2.1/../../../../arm-none-eabi/lib/thumb/v7e-m+fp/hard\libc_nano.a(lib_a-nano-freer.o)
 .ARM.attributes
                0x00000655       0x34 d:/program files/gnu arm embedded toolchain/10 2020-q4-major/bin/../lib/gcc/arm-none-eabi/10.2.1/../../../../arm-none-eabi/lib/thumb/v7e-m+fp/hard\libc_nano.a(lib_a-nano-mallocr.o)
 .ARM.attributes
                0x00000689       0x34 d:/program files/gnu arm embedded toolchain/10 2020-q4-major/bin/../lib/gcc/arm-none-eabi/10.2.1/../../../../arm-none-eabi/lib/thumb/v7e-m+fp/hard\libc_nano.a(lib_a-sbrkr.o)
 .ARM.attributes
                0x000006bd       0x34 d:/program files/gnu arm embedded toolchain/10 2020-q4-major/bin/../lib/gcc/arm-none-eabi/10.2.1/../../../../arm-none-eabi/lib/thumb/v7e-m+fp/hard\libc_nano.a(lib_a-mlock.o)
 .ARM.attributes
                0x000006f1       0x34 d:/program files/gnu arm embedded toolchain/10 2020-q4-major/bin/../lib/gcc/arm-none-eabi/10.2.1/../../../../arm-none-eabi/lib/thumb/v7e-m+fp/hard\libc_nano.a(lib_a-reent.o)
 .ARM.attributes
                0x00000725       0x34 d:/program files/gnu arm embedded toolchain/10 2020-q4-major/bin/../lib/gcc/arm-none-eabi/10.2.1/../../../../arm-none-eabi/lib/thumb/v7e-m+fp/hard\libc_nano.a(lib_a-lock.o)
 .ARM.attributes
                0x00000759       0x34 d:/program files/gnu arm embedded toolchain/10 2020-q4-major/bin/../lib/gcc/arm-none-eabi/10.2.1/../../../../arm-none-eabi/lib/thumb/v7e-m+fp/hard\libnosys.a(sbrk.o)
 .ARM.attributes
                0x0000078d       0x1e d:/program files/gnu arm embedded toolchain/10 2020-q4-major/bin/../lib/gcc/arm-none-eabi/10.2.1/thumb/v7e-m+fp/hard\libgcc.a(_aeabi_uldivmod.o)
 .ARM.attributes
                0x000007ab       0x34 d:/program files/gnu arm embedded toolchain/10 2020-q4-major/bin/../lib/gcc/arm-none-eabi/10.2.1/thumb/v7e-m+fp/hard\libgcc.a(_udivmoddi4.o)
 .ARM.attributes
                0x000007df       0x1e d:/program files/gnu arm embedded toolchain/10 2020-q4-major/bin/../lib/gcc/arm-none-eabi/10.2.1/thumb/v7e-m+fp/hard\libgcc.a(_dvmd_tls.o)
 .ARM.attributes
                0x000007fd       0x1e d:/program files/gnu arm embedded toolchain/10 2020-q4-major/bin/../lib/gcc/arm-none-eabi/10.2.1/thumb/v7e-m+fp/hard/crtn.o
OUTPUT(build/stm32f4disc_usbaudio.elf elf32-littlearm)
LOAD linker stubs
LOAD d:/program files/gnu arm embedded toolchain/10 2020-q4-major/bin/../lib/gcc/arm-none-eabi/10.2.1/../../../../arm-none-eabi/lib/thumb/v7e-m+fp/hard\libc.a
LOAD d:/program files/gnu arm embedded toolchain/10 2020-q4-major/bin/../lib/gcc/arm-none-eabi/10.2.1/../../../../arm-none-eabi/lib/thumb/v7e-m+fp/hard\libm.a
LOAD d:/program files/gnu arm embedded toolchain/10 2020-q4-major/bin/../lib/gcc/arm-none-eabi/10.2.1/thumb/v7e-m+fp/hard\libgcc.a

.debug_info     0x00000000    0x18df1
 .debug_info    0x00000000     0x178d build/main.o
 .debug_info    0x0000178d      0x9af build/stm32f4xx_it.o
 .debug_info    0x0000213c      0xf7c build/stm32f4xx_hal_msp.o
 .debug_info    0x000030b8      0x7f6 build/usb_device.o
 .debug_info    0x000038ae      0x638 build/usbd_desc.o
 .debug_info    0x00003ee6      0x943 build/usbd_audio_if.o
 .debug_info    0x00004829     0x2090 build/usbd_conf.o
 .debug_info    0x000068b9     0x1b88 build/stm32f4xx_hal_pcd.o
 .debug_info    0x00008441      0x785 build/stm32f4xx_hal_pcd_ex.o
 .debug_info    0x00008bc6     0x2034 build/stm32f4xx_ll_usb.o
 .debug_info    0x0000abfa      0xbe6 build/stm32f4xx_hal_rcc.o
 .debug_info    0x0000b7e0      0x6f8 build/stm32f4xx_hal_rcc_ex.o
 .debug_info    0x0000bed8      0x833 build/stm32f4xx_hal_gpio.o
 .debug_info    0x0000c70b      0xbd1 build/stm32f4xx_hal_dma.o
 .debug_info    0x0000d2dc     0x1174 build/stm32f4xx_hal_cortex.o
 .debug_info    0x0000e450      0xacf build/stm32f4xx_hal.o
 .debug_info    0x0000ef1f     0x3b06 build/stm32f4xx_hal_i2c.o
 .debug_info    0x00012a25     0x12bb build/stm32f4xx_hal_i2s.o
 .debug_info    0x00013ce0      0xf01 build/stm32f4xx_hal_i2s_ex.o
 .debug_info    0x00014be1      0x5b3 build/system_stm32f4xx.o
 .debug_info    0x00015194      0xf23 build/usbd_core.o
 .debug_info    0x000160b7     0x13b7 build/usbd_ctlreq.o
 .debug_info    0x0001746e      0x900 build/usbd_ioreq.o
 .debug_info    0x00017d6e     0x1061 build/usbd_audio.o
 .debug_info    0x00018dcf       0x22 build/startup_stm32f407xx.o

.debug_abbrev   0x00000000     0x3879
 .debug_abbrev  0x00000000      0x275 build/main.o
 .debug_abbrev  0x00000275      0x1ac build/stm32f4xx_it.o
 .debug_abbrev  0x00000421      0x1c8 build/stm32f4xx_hal_msp.o
 .debug_abbrev  0x000005e9      0x1a1 build/usb_device.o
 .debug_abbrev  0x0000078a      0x1dc build/usbd_desc.o
 .debug_abbrev  0x00000966      0x210 build/usbd_audio_if.o
 .debug_abbrev  0x00000b76      0x29d build/usbd_conf.o
 .debug_abbrev  0x00000e13      0x2c2 build/stm32f4xx_hal_pcd.o
 .debug_abbrev  0x000010d5      0x1c5 build/stm32f4xx_hal_pcd_ex.o
 .debug_abbrev  0x0000129a      0x2f9 build/stm32f4xx_ll_usb.o
 .debug_abbrev  0x00001593      0x2aa build/stm32f4xx_hal_rcc.o
 .debug_abbrev  0x0000183d      0x1a1 build/stm32f4xx_hal_rcc_ex.o
 .debug_abbrev  0x000019de      0x22b build/stm32f4xx_hal_gpio.o
 .debug_abbrev  0x00001c09      0x2ff build/stm32f4xx_hal_dma.o
 .debug_abbrev  0x00001f08      0x382 build/stm32f4xx_hal_cortex.o
 .debug_abbrev  0x0000228a      0x209 build/stm32f4xx_hal.o
 .debug_abbrev  0x00002493      0x2f3 build/stm32f4xx_hal_i2c.o
 .debug_abbrev  0x00002786      0x274 build/stm32f4xx_hal_i2s.o
 .debug_abbrev  0x000029fa      0x2c0 build/stm32f4xx_hal_i2s_ex.o
 .debug_abbrev  0x00002cba      0x11b build/system_stm32f4xx.o
 .debug_abbrev  0x00002dd5      0x286 build/usbd_core.o
 .debug_abbrev  0x0000305b      0x371 build/usbd_ctlreq.o
 .debug_abbrev  0x000033cc      0x18f build/usbd_ioreq.o
 .debug_abbrev  0x0000355b      0x30c build/usbd_audio.o
 .debug_abbrev  0x00003867       0x12 build/startup_stm32f407xx.o

.debug_loc      0x00000000    0x11eef
 .debug_loc     0x00000000      0x117 build/main.o
 .debug_loc     0x00000117       0x60 build/stm32f4xx_it.o
 .debug_loc     0x00000177      0x1d8 build/stm32f4xx_hal_msp.o
 .debug_loc     0x0000034f       0x20 build/usb_device.o
 .debug_loc     0x0000036f      0x47b build/usbd_desc.o
 .debug_loc     0x000007ea      0x11e build/usbd_audio_if.o
 .debug_loc     0x00000908      0xf01 build/usbd_conf.o
 .debug_loc     0x00001809     0x1539 build/stm32f4xx_hal_pcd.o
 .debug_loc     0x00002d42      0x116 build/stm32f4xx_hal_pcd_ex.o
 .debug_loc     0x00002e58     0x2790 build/stm32f4xx_ll_usb.o
 .debug_loc     0x000055e8      0x6e4 build/stm32f4xx_hal_rcc.o
 .debug_loc     0x00005ccc      0x473 build/stm32f4xx_hal_rcc_ex.o
 .debug_loc     0x0000613f      0x5c7 build/stm32f4xx_hal_gpio.o
 .debug_loc     0x00006706      0xd6d build/stm32f4xx_hal_dma.o
 .debug_loc     0x00007473      0x7a4 build/stm32f4xx_hal_cortex.o
 .debug_loc     0x00007c17      0x1e1 build/stm32f4xx_hal.o
 .debug_loc     0x00007df8     0x4bf6 build/stm32f4xx_hal_i2c.o
 .debug_loc     0x0000c9ee     0x132d build/stm32f4xx_hal_i2s.o
 .debug_loc     0x0000dd1b      0xcc3 build/stm32f4xx_hal_i2s_ex.o
 .debug_loc     0x0000e9de      0x158 build/system_stm32f4xx.o
 .debug_loc     0x0000eb36      0xbdb build/usbd_core.o
 .debug_loc     0x0000f711     0x1872 build/usbd_ctlreq.o
 .debug_loc     0x00010f83      0x398 build/usbd_ioreq.o
 .debug_loc     0x0001131b      0xbd4 build/usbd_audio.o

.debug_aranges  0x00000000      0xfe0
 .debug_aranges
                0x00000000       0x50 build/main.o
 .debug_aranges
                0x00000050       0x70 build/stm32f4xx_it.o
 .debug_aranges
                0x000000c0       0x40 build/stm32f4xx_hal_msp.o
 .debug_aranges
                0x00000100       0x20 build/usb_device.o
 .debug_aranges
                0x00000120       0x60 build/usbd_desc.o
 .debug_aranges
                0x00000180       0x60 build/usbd_audio_if.o
 .debug_aranges
                0x000001e0      0x100 build/usbd_conf.o
 .debug_aranges
                0x000002e0      0x138 build/stm32f4xx_hal_pcd.o
 .debug_aranges
                0x00000418       0x38 build/stm32f4xx_hal_pcd_ex.o
 .debug_aranges
                0x00000450      0x198 build/stm32f4xx_ll_usb.o
 .debug_aranges
                0x000005e8       0x88 build/stm32f4xx_hal_rcc.o
 .debug_aranges
                0x00000670       0x48 build/stm32f4xx_hal_rcc_ex.o
 .debug_aranges
                0x000006b8       0x58 build/stm32f4xx_hal_gpio.o
 .debug_aranges
                0x00000710       0x90 build/stm32f4xx_hal_dma.o
 .debug_aranges
                0x000007a0       0xa8 build/stm32f4xx_hal_cortex.o
 .debug_aranges
                0x00000848       0xf0 build/stm32f4xx_hal.o
 .debug_aranges
                0x00000938      0x2a0 build/stm32f4xx_hal_i2c.o
 .debug_aranges
                0x00000bd8      0x108 build/stm32f4xx_hal_i2s.o
 .debug_aranges
                0x00000ce0       0x88 build/stm32f4xx_hal_i2s_ex.o
 .debug_aranges
                0x00000d68       0x28 build/system_stm32f4xx.o
 .debug_aranges
                0x00000d90       0xb8 build/usbd_core.o
 .debug_aranges
                0x00000e48       0x88 build/usbd_ctlreq.o
 .debug_aranges
                0x00000ed0       0x50 build/usbd_ioreq.o
 .debug_aranges
                0x00000f20       0x98 build/usbd_audio.o
 .debug_aranges
                0x00000fb8       0x28 build/startup_stm32f407xx.o

.debug_ranges   0x00000000      0xf30
 .debug_ranges  0x00000000       0x40 build/main.o
 .debug_ranges  0x00000040       0x60 build/stm32f4xx_it.o
 .debug_ranges  0x000000a0       0x30 build/stm32f4xx_hal_msp.o
 .debug_ranges  0x000000d0       0x10 build/usb_device.o
 .debug_ranges  0x000000e0       0x50 build/usbd_desc.o
 .debug_ranges  0x00000130       0x50 build/usbd_audio_if.o
 .debug_ranges  0x00000180       0xf0 build/usbd_conf.o
 .debug_ranges  0x00000270      0x128 build/stm32f4xx_hal_pcd.o
 .debug_ranges  0x00000398       0x28 build/stm32f4xx_hal_pcd_ex.o
 .debug_ranges  0x000003c0      0x188 build/stm32f4xx_ll_usb.o
 .debug_ranges  0x00000548       0x90 build/stm32f4xx_hal_rcc.o
 .debug_ranges  0x000005d8       0x38 build/stm32f4xx_hal_rcc_ex.o
 .debug_ranges  0x00000610       0x48 build/stm32f4xx_hal_gpio.o
 .debug_ranges  0x00000658       0x80 build/stm32f4xx_hal_dma.o
 .debug_ranges  0x000006d8       0xf8 build/stm32f4xx_hal_cortex.o
 .debug_ranges  0x000007d0       0xe0 build/stm32f4xx_hal.o
 .debug_ranges  0x000008b0      0x2a8 build/stm32f4xx_hal_i2c.o
 .debug_ranges  0x00000b58      0x128 build/stm32f4xx_hal_i2s.o
 .debug_ranges  0x00000c80       0x90 build/stm32f4xx_hal_i2s_ex.o
 .debug_ranges  0x00000d10       0x18 build/system_stm32f4xx.o
 .debug_ranges  0x00000d28       0xa8 build/usbd_core.o
 .debug_ranges  0x00000dd0       0x78 build/usbd_ctlreq.o
 .debug_ranges  0x00000e48       0x40 build/usbd_ioreq.o
 .debug_ranges  0x00000e88       0x88 build/usbd_audio.o
 .debug_ranges  0x00000f10       0x20 build/startup_stm32f407xx.o

.debug_line     0x00000000    0x11af6
 .debug_line    0x00000000      0x68a build/main.o
 .debug_line    0x0000068a      0x312 build/stm32f4xx_it.o
 .debug_line    0x0000099c      0x3e6 build/stm32f4xx_hal_msp.o
 .debug_line    0x00000d82      0x227 build/usb_device.o
 .debug_line    0x00000fa9      0x371 build/usbd_desc.o
 .debug_line    0x0000131a      0x2a0 build/usbd_audio_if.o
 .debug_line    0x000015ba      0x80f build/usbd_conf.o
 .debug_line    0x00001dc9     0x1364 build/stm32f4xx_hal_pcd.o
 .debug_line    0x0000312d      0x2c9 build/stm32f4xx_hal_pcd_ex.o
 .debug_line    0x000033f6     0x1b0f build/stm32f4xx_ll_usb.o
 .debug_line    0x00004f05      0xb26 build/stm32f4xx_hal_rcc.o
 .debug_line    0x00005a2b      0x5f9 build/stm32f4xx_hal_rcc_ex.o
 .debug_line    0x00006024      0x6f0 build/stm32f4xx_hal_gpio.o
 .debug_line    0x00006714      0xe17 build/stm32f4xx_hal_dma.o
 .debug_line    0x0000752b      0x78c build/stm32f4xx_hal_cortex.o
 .debug_line    0x00007cb7      0x579 build/stm32f4xx_hal.o
 .debug_line    0x00008230     0x513f build/stm32f4xx_hal_i2c.o
 .debug_line    0x0000d36f     0x13cf build/stm32f4xx_hal_i2s.o
 .debug_line    0x0000e73e     0x1190 build/stm32f4xx_hal_i2s_ex.o
 .debug_line    0x0000f8ce      0x26c build/system_stm32f4xx.o
 .debug_line    0x0000fb3a      0x7dc build/usbd_core.o
 .debug_line    0x00010316      0xcae build/usbd_ctlreq.o
 .debug_line    0x00010fc4      0x2be build/usbd_ioreq.o
 .debug_line    0x00011282      0x801 build/usbd_audio.o
 .debug_line    0x00011a83       0x73 build/startup_stm32f407xx.o

.debug_str      0x00000000     0x4d27
 .debug_str     0x00000000     0x1100 build/main.o
                               0x11da (size before relaxing)
 .debug_str     0x00001100      0x431 build/stm32f4xx_it.o
                                0x834 (size before relaxing)
 .debug_str     0x00001531       0xc0 build/stm32f4xx_hal_msp.o
                                0xa96 (size before relaxing)
 .debug_str     0x000015f1      0x432 build/usb_device.o
                                0x673 (size before relaxing)
 .debug_str     0x00001a23      0x181 build/usbd_desc.o
                                0x43c (size before relaxing)
 .debug_str     0x00001ba4      0x16c build/usbd_audio_if.o
                                0x759 (size before relaxing)
 .debug_str     0x00001d10      0x54d build/usbd_conf.o
                               0x151c (size before relaxing)
 .debug_str     0x0000225d      0x58e build/stm32f4xx_hal_pcd.o
                                0xd39 (size before relaxing)
 .debug_str     0x000027eb      0x125 build/stm32f4xx_hal_pcd_ex.o
                                0x6dc (size before relaxing)
 .debug_str     0x00002910      0x417 build/stm32f4xx_ll_usb.o
                                0xc1a (size before relaxing)
 .debug_str     0x00002d27      0x21b build/stm32f4xx_hal_rcc.o
                                0x6e4 (size before relaxing)
 .debug_str     0x00002f42       0xf6 build/stm32f4xx_hal_rcc_ex.o
                                0x4a5 (size before relaxing)
 .debug_str     0x00003038       0xf0 build/stm32f4xx_hal_gpio.o
                                0x4be (size before relaxing)
 .debug_str     0x00003128      0x2e1 build/stm32f4xx_hal_dma.o
                                0x754 (size before relaxing)
 .debug_str     0x00003409      0x464 build/stm32f4xx_hal_cortex.o
                                0xc0a (size before relaxing)
 .debug_str     0x0000386d      0x295 build/stm32f4xx_hal.o
                                0xb38 (size before relaxing)
 .debug_str     0x00003b02      0x86a build/stm32f4xx_hal_i2c.o
                               0x100e (size before relaxing)
 .debug_str     0x0000436c      0x256 build/stm32f4xx_hal_i2s.o
                                0x90e (size before relaxing)
 .debug_str     0x000045c2      0x1ee build/stm32f4xx_hal_i2s_ex.o
                                0x84f (size before relaxing)
 .debug_str     0x000047b0       0x47 build/system_stm32f4xx.o
                                0x353 (size before relaxing)
 .debug_str     0x000047f7      0x13e build/usbd_core.o
                                0x84b (size before relaxing)
 .debug_str     0x00004935      0x109 build/usbd_ctlreq.o
                                0x79d (size before relaxing)
 .debug_str     0x00004a3e       0x60 build/usbd_ioreq.o
                                0x692 (size before relaxing)
 .debug_str     0x00004a9e      0x265 build/usbd_audio.o
                                0x99f (size before relaxing)
 .debug_str     0x00004d03       0x24 build/startup_stm32f407xx.o
                                 0x48 (size before relaxing)

.comment        0x00000000       0x4d
 .comment       0x00000000       0x4d build/main.o
                                 0x4e (size before relaxing)
 .comment       0x0000004d       0x4e build/stm32f4xx_it.o
 .comment       0x0000004d       0x4e build/stm32f4xx_hal_msp.o
 .comment       0x0000004d       0x4e build/usb_device.o
 .comment       0x0000004d       0x4e build/usbd_desc.o
 .comment       0x0000004d       0x4e build/usbd_audio_if.o
 .comment       0x0000004d       0x4e build/usbd_conf.o
 .comment       0x0000004d       0x4e build/stm32f4xx_hal_pcd.o
 .comment       0x0000004d       0x4e build/stm32f4xx_hal_pcd_ex.o
 .comment       0x0000004d       0x4e build/stm32f4xx_ll_usb.o
 .comment       0x0000004d       0x4e build/stm32f4xx_hal_rcc.o
 .comment       0x0000004d       0x4e build/stm32f4xx_hal_rcc_ex.o
 .comment       0x0000004d       0x4e build/stm32f4xx_hal_gpio.o
 .comment       0x0000004d       0x4e build/stm32f4xx_hal_dma.o
 .comment       0x0000004d       0x4e build/stm32f4xx_hal_cortex.o
 .comment       0x0000004d       0x4e build/stm32f4xx_hal.o
 .comment       0x0000004d       0x4e build/stm32f4xx_hal_i2c.o
 .comment       0x0000004d       0x4e build/stm32f4xx_hal_i2s.o
 .comment       0x0000004d       0x4e build/stm32f4xx_hal_i2s_ex.o
 .comment       0x0000004d       0x4e build/system_stm32f4xx.o
 .comment       0x0000004d       0x4e build/usbd_core.o
 .comment       0x0000004d       0x4e build/usbd_ctlreq.o
 .comment       0x0000004d       0x4e build/usbd_ioreq.o
 .comment       0x0000004d       0x4e build/usbd_audio.o

.debug_frame    0x00000000     0x2cdc
 .debug_frame   0x00000000       0xd0 build/main.o
 .debug_frame   0x000000d0       0xd8 build/stm32f4xx_it.o
 .debug_frame   0x000001a8       0xa8 build/stm32f4xx_hal_msp.o
 .debug_frame   0x00000250       0x28 build/usb_device.o
 .debug_frame   0x00000278       0xe0 build/usbd_desc.o
 .debug_frame   0x00000358       0xb0 build/usbd_audio_if.o
 .debug_frame   0x00000408      0x2c4 build/usbd_conf.o
 .debug_frame   0x000006cc      0x358 build/stm32f4xx_hal_pcd.o
 .debug_frame   0x00000a24       0x5c build/stm32f4xx_hal_pcd_ex.o
 .debug_frame   0x00000a80      0x430 build/stm32f4xx_ll_usb.o
 .debug_frame   0x00000eb0      0x16c build/stm32f4xx_hal_rcc.o
 .debug_frame   0x0000101c       0xa4 build/stm32f4xx_hal_rcc_ex.o
 .debug_frame   0x000010c0       0xd8 build/stm32f4xx_hal_gpio.o
 .debug_frame   0x00001198      0x188 build/stm32f4xx_hal_dma.o
 .debug_frame   0x00001320      0x148 build/stm32f4xx_hal_cortex.o
 .debug_frame   0x00001468      0x1ec build/stm32f4xx_hal.o
 .debug_frame   0x00001654      0x968 build/stm32f4xx_hal_i2c.o
 .debug_frame   0x00001fbc      0x324 build/stm32f4xx_hal_i2s.o
 .debug_frame   0x000022e0      0x188 build/stm32f4xx_hal_i2s_ex.o
 .debug_frame   0x00002468       0x30 build/system_stm32f4xx.o
 .debug_frame   0x00002498      0x1d4 build/usbd_core.o
 .debug_frame   0x0000266c      0x180 build/usbd_ctlreq.o
 .debug_frame   0x000027ec       0xb8 build/usbd_ioreq.o
 .debug_frame   0x000028a4      0x16c build/usbd_audio.o
 .debug_frame   0x00002a10       0x2c d:/program files/gnu arm embedded toolchain/10 2020-q4-major/bin/../lib/gcc/arm-none-eabi/10.2.1/../../../../arm-none-eabi/lib/thumb/v7e-m+fp/hard\libc_nano.a(lib_a-init.o)
 .debug_frame   0x00002a3c       0x30 d:/program files/gnu arm embedded toolchain/10 2020-q4-major/bin/../lib/gcc/arm-none-eabi/10.2.1/../../../../arm-none-eabi/lib/thumb/v7e-m+fp/hard\libc_nano.a(lib_a-malloc.o)
 .debug_frame   0x00002a6c       0x20 d:/program files/gnu arm embedded toolchain/10 2020-q4-major/bin/../lib/gcc/arm-none-eabi/10.2.1/../../../../arm-none-eabi/lib/thumb/v7e-m+fp/hard\libc_nano.a(lib_a-memset.o)
 .debug_frame   0x00002a8c       0x38 d:/program files/gnu arm embedded toolchain/10 2020-q4-major/bin/../lib/gcc/arm-none-eabi/10.2.1/../../../../arm-none-eabi/lib/thumb/v7e-m+fp/hard\libc_nano.a(lib_a-nano-freer.o)
 .debug_frame   0x00002ac4       0x30 d:/program files/gnu arm embedded toolchain/10 2020-q4-major/bin/../lib/gcc/arm-none-eabi/10.2.1/../../../../arm-none-eabi/lib/thumb/v7e-m+fp/hard\libc_nano.a(lib_a-nano-mallocr.o)
 .debug_frame   0x00002af4       0x2c d:/program files/gnu arm embedded toolchain/10 2020-q4-major/bin/../lib/gcc/arm-none-eabi/10.2.1/../../../../arm-none-eabi/lib/thumb/v7e-m+fp/hard\libc_nano.a(lib_a-sbrkr.o)
 .debug_frame   0x00002b20       0x30 d:/program files/gnu arm embedded toolchain/10 2020-q4-major/bin/../lib/gcc/arm-none-eabi/10.2.1/../../../../arm-none-eabi/lib/thumb/v7e-m+fp/hard\libc_nano.a(lib_a-mlock.o)
 .debug_frame   0x00002b50       0x5c d:/program files/gnu arm embedded toolchain/10 2020-q4-major/bin/../lib/gcc/arm-none-eabi/10.2.1/../../../../arm-none-eabi/lib/thumb/v7e-m+fp/hard\libc_nano.a(lib_a-reent.o)
 .debug_frame   0x00002bac       0xb0 d:/program files/gnu arm embedded toolchain/10 2020-q4-major/bin/../lib/gcc/arm-none-eabi/10.2.1/../../../../arm-none-eabi/lib/thumb/v7e-m+fp/hard\libc_nano.a(lib_a-lock.o)
 .debug_frame   0x00002c5c       0x20 d:/program files/gnu arm embedded toolchain/10 2020-q4-major/bin/../lib/gcc/arm-none-eabi/10.2.1/../../../../arm-none-eabi/lib/thumb/v7e-m+fp/hard\libnosys.a(sbrk.o)
 .debug_frame   0x00002c7c       0x2c d:/program files/gnu arm embedded toolchain/10 2020-q4-major/bin/../lib/gcc/arm-none-eabi/10.2.1/thumb/v7e-m+fp/hard\libgcc.a(_aeabi_uldivmod.o)
 .debug_frame   0x00002ca8       0x34 d:/program files/gnu arm embedded toolchain/10 2020-q4-major/bin/../lib/gcc/arm-none-eabi/10.2.1/thumb/v7e-m+fp/hard\libgcc.a(_udivmoddi4.o)

Cross Reference Table

Symbol                                            File
ADC_IRQHandler                                    build/startup_stm32f407xx.o
AHBPrescTable                                     build/system_stm32f4xx.o
                                                  build/stm32f4xx_hal_rcc.o
APBPrescTable                                     build/system_stm32f4xx.o
                                                  build/stm32f4xx_hal_rcc.o
BusFault_Handler                                  build/stm32f4xx_it.o
CAN1_RX0_IRQHandler                               build/startup_stm32f407xx.o
CAN1_RX1_IRQHandler                               build/startup_stm32f407xx.o
CAN1_SCE_IRQHandler                               build/startup_stm32f407xx.o
CAN1_TX_IRQHandler                                build/startup_stm32f407xx.o
CAN2_RX0_IRQHandler                               build/startup_stm32f407xx.o
CAN2_RX1_IRQHandler                               build/startup_stm32f407xx.o
CAN2_SCE_IRQHandler                               build/startup_stm32f407xx.o
CAN2_TX_IRQHandler                                build/startup_stm32f407xx.o
DCMI_IRQHandler                                   build/startup_stm32f407xx.o
DMA1_Stream0_IRQHandler                           build/startup_stm32f407xx.o
DMA1_Stream1_IRQHandler                           build/startup_stm32f407xx.o
DMA1_Stream2_IRQHandler                           build/startup_stm32f407xx.o
DMA1_Stream3_IRQHandler                           build/startup_stm32f407xx.o
DMA1_Stream4_IRQHandler                           build/startup_stm32f407xx.o
DMA1_Stream5_IRQHandler                           build/stm32f4xx_it.o
DMA1_Stream6_IRQHandler                           build/startup_stm32f407xx.o
DMA1_Stream7_IRQHandler                           build/startup_stm32f407xx.o
DMA2_Stream0_IRQHandler                           build/startup_stm32f407xx.o
DMA2_Stream1_IRQHandler                           build/startup_stm32f407xx.o
DMA2_Stream2_IRQHandler                           build/startup_stm32f407xx.o
DMA2_Stream3_IRQHandler                           build/startup_stm32f407xx.o
DMA2_Stream4_IRQHandler                           build/startup_stm32f407xx.o
DMA2_Stream5_IRQHandler                           build/startup_stm32f407xx.o
DMA2_Stream6_IRQHandler                           build/startup_stm32f407xx.o
DMA2_Stream7_IRQHandler                           build/startup_stm32f407xx.o
DebugMon_Handler                                  build/stm32f4xx_it.o
Default_Handler                                   build/startup_stm32f407xx.o
ETH_IRQHandler                                    build/startup_stm32f407xx.o
ETH_WKUP_IRQHandler                               build/startup_stm32f407xx.o
EXTI0_IRQHandler                                  build/startup_stm32f407xx.o
EXTI15_10_IRQHandler                              build/startup_stm32f407xx.o
EXTI1_IRQHandler                                  build/startup_stm32f407xx.o
EXTI2_IRQHandler                                  build/startup_stm32f407xx.o
EXTI3_IRQHandler                                  build/startup_stm32f407xx.o
EXTI4_IRQHandler                                  build/startup_stm32f407xx.o
EXTI9_5_IRQHandler                                build/startup_stm32f407xx.o
Error_Handler                                     build/main.o
                                                  build/usbd_conf.o
                                                  build/usb_device.o
                                                  build/stm32f4xx_hal_msp.o
FLASH_Erase_Sector                                build/stm32f4xx_hal_flash_ex.o
                                                  build/stm32f4xx_hal_flash.o
FLASH_FlushCaches                                 build/stm32f4xx_hal_flash_ex.o
                                                  build/stm32f4xx_hal_flash.o
FLASH_IRQHandler                                  build/startup_stm32f407xx.o
FLASH_WaitForLastOperation                        build/stm32f4xx_hal_flash.o
                                                  build/stm32f4xx_hal_flash_ex.o
FPU_IRQHandler                                    build/startup_stm32f407xx.o
FSMC_IRQHandler                                   build/startup_stm32f407xx.o
FS_Desc                                           build/usbd_desc.o
                                                  build/usb_device.o
HAL_DBGMCU_DisableDBGSleepMode                    build/stm32f4xx_hal.o
HAL_DBGMCU_DisableDBGStandbyMode                  build/stm32f4xx_hal.o
HAL_DBGMCU_DisableDBGStopMode                     build/stm32f4xx_hal.o
HAL_DBGMCU_EnableDBGSleepMode                     build/stm32f4xx_hal.o
HAL_DBGMCU_EnableDBGStandbyMode                   build/stm32f4xx_hal.o
HAL_DBGMCU_EnableDBGStopMode                      build/stm32f4xx_hal.o
HAL_DMAEx_ChangeMemory                            build/stm32f4xx_hal_dma_ex.o
HAL_DMAEx_MultiBufferStart                        build/stm32f4xx_hal_dma_ex.o
HAL_DMAEx_MultiBufferStart_IT                     build/stm32f4xx_hal_dma_ex.o
HAL_DMA_Abort                                     build/stm32f4xx_hal_dma.o
                                                  build/stm32f4xx_hal_i2s.o
HAL_DMA_Abort_IT                                  build/stm32f4xx_hal_dma.o
                                                  build/stm32f4xx_hal_i2c.o
HAL_DMA_DeInit                                    build/stm32f4xx_hal_dma.o
                                                  build/stm32f4xx_hal_msp.o
HAL_DMA_GetError                                  build/stm32f4xx_hal_dma.o
                                                  build/stm32f4xx_hal_i2c.o
HAL_DMA_GetState                                  build/stm32f4xx_hal_dma.o
                                                  build/stm32f4xx_hal_i2c.o
HAL_DMA_IRQHandler                                build/stm32f4xx_hal_dma.o
                                                  build/stm32f4xx_it.o
HAL_DMA_Init                                      build/stm32f4xx_hal_dma.o
                                                  build/stm32f4xx_hal_msp.o
HAL_DMA_PollForTransfer                           build/stm32f4xx_hal_dma.o
HAL_DMA_RegisterCallback                          build/stm32f4xx_hal_dma.o
HAL_DMA_Start                                     build/stm32f4xx_hal_dma.o
HAL_DMA_Start_IT                                  build/stm32f4xx_hal_dma.o
                                                  build/stm32f4xx_hal_i2s_ex.o
                                                  build/stm32f4xx_hal_i2s.o
                                                  build/stm32f4xx_hal_i2c.o
HAL_DMA_UnRegisterCallback                        build/stm32f4xx_hal_dma.o
HAL_DeInit                                        build/stm32f4xx_hal.o
HAL_Delay                                         build/stm32f4xx_hal.o
                                                  build/stm32f4xx_ll_usb.o
                                                  build/usbd_conf.o
                                                  build/main.o
HAL_DisableCompensationCell                       build/stm32f4xx_hal.o
HAL_EXTI_ClearConfigLine                          build/stm32f4xx_hal_exti.o
HAL_EXTI_ClearPending                             build/stm32f4xx_hal_exti.o
HAL_EXTI_GenerateSWI                              build/stm32f4xx_hal_exti.o
HAL_EXTI_GetConfigLine                            build/stm32f4xx_hal_exti.o
HAL_EXTI_GetHandle                                build/stm32f4xx_hal_exti.o
HAL_EXTI_GetPending                               build/stm32f4xx_hal_exti.o
HAL_EXTI_IRQHandler                               build/stm32f4xx_hal_exti.o
HAL_EXTI_RegisterCallback                         build/stm32f4xx_hal_exti.o
HAL_EXTI_SetConfigLine                            build/stm32f4xx_hal_exti.o
HAL_EnableCompensationCell                        build/stm32f4xx_hal.o
HAL_FLASHEx_Erase                                 build/stm32f4xx_hal_flash_ex.o
HAL_FLASHEx_Erase_IT                              build/stm32f4xx_hal_flash_ex.o
HAL_FLASHEx_OBGetConfig                           build/stm32f4xx_hal_flash_ex.o
HAL_FLASHEx_OBProgram                             build/stm32f4xx_hal_flash_ex.o
HAL_FLASH_EndOfOperationCallback                  build/stm32f4xx_hal_flash.o
HAL_FLASH_GetError                                build/stm32f4xx_hal_flash.o
HAL_FLASH_IRQHandler                              build/stm32f4xx_hal_flash.o
HAL_FLASH_Lock                                    build/stm32f4xx_hal_flash.o
HAL_FLASH_OB_Launch                               build/stm32f4xx_hal_flash.o
HAL_FLASH_OB_Lock                                 build/stm32f4xx_hal_flash.o
HAL_FLASH_OB_Unlock                               build/stm32f4xx_hal_flash.o
HAL_FLASH_OperationErrorCallback                  build/stm32f4xx_hal_flash.o
HAL_FLASH_Program                                 build/stm32f4xx_hal_flash.o
HAL_FLASH_Program_IT                              build/stm32f4xx_hal_flash.o
HAL_FLASH_Unlock                                  build/stm32f4xx_hal_flash.o
HAL_GPIO_DeInit                                   build/stm32f4xx_hal_gpio.o
                                                  build/usbd_conf.o
                                                  build/stm32f4xx_hal_msp.o
HAL_GPIO_EXTI_Callback                            build/stm32f4xx_hal_gpio.o
HAL_GPIO_EXTI_IRQHandler                          build/stm32f4xx_hal_gpio.o
HAL_GPIO_Init                                     build/stm32f4xx_hal_gpio.o
                                                  build/stm32f4xx_hal_rcc.o
                                                  build/usbd_conf.o
                                                  build/stm32f4xx_hal_msp.o
                                                  build/main.o
HAL_GPIO_LockPin                                  build/stm32f4xx_hal_gpio.o
HAL_GPIO_ReadPin                                  build/stm32f4xx_hal_gpio.o
HAL_GPIO_TogglePin                                build/stm32f4xx_hal_gpio.o
                                                  build/main.o
HAL_GPIO_WritePin                                 build/stm32f4xx_hal_gpio.o
                                                  build/main.o
HAL_GetDEVID                                      build/stm32f4xx_hal.o
HAL_GetHalVersion                                 build/stm32f4xx_hal.o
HAL_GetREVID                                      build/stm32f4xx_hal.o
HAL_GetTick                                       build/stm32f4xx_hal.o
                                                  build/stm32f4xx_hal_i2s_ex.o
                                                  build/stm32f4xx_hal_i2s.o
                                                  build/stm32f4xx_hal_i2c.o
                                                  build/stm32f4xx_hal_pwr_ex.o
                                                  build/stm32f4xx_hal_dma.o
                                                  build/stm32f4xx_hal_flash.o
                                                  build/stm32f4xx_hal_rcc_ex.o
                                                  build/stm32f4xx_hal_rcc.o
HAL_GetTickFreq                                   build/stm32f4xx_hal.o
HAL_GetTickPrio                                   build/stm32f4xx_hal.o
HAL_GetUIDw0                                      build/stm32f4xx_hal.o
HAL_GetUIDw1                                      build/stm32f4xx_hal.o
HAL_GetUIDw2                                      build/stm32f4xx_hal.o
HAL_I2C_AbortCpltCallback                         build/stm32f4xx_hal_i2c.o
HAL_I2C_AddrCallback                              build/stm32f4xx_hal_i2c.o
HAL_I2C_DeInit                                    build/stm32f4xx_hal_i2c.o
HAL_I2C_DisableListen_IT                          build/stm32f4xx_hal_i2c.o
HAL_I2C_ER_IRQHandler                             build/stm32f4xx_hal_i2c.o
HAL_I2C_EV_IRQHandler                             build/stm32f4xx_hal_i2c.o
HAL_I2C_EnableListen_IT                           build/stm32f4xx_hal_i2c.o
HAL_I2C_ErrorCallback                             build/stm32f4xx_hal_i2c.o
HAL_I2C_GetError                                  build/stm32f4xx_hal_i2c.o
HAL_I2C_GetMode                                   build/stm32f4xx_hal_i2c.o
HAL_I2C_GetState                                  build/stm32f4xx_hal_i2c.o
HAL_I2C_Init                                      build/stm32f4xx_hal_i2c.o
                                                  build/main.o
HAL_I2C_IsDeviceReady                             build/stm32f4xx_hal_i2c.o
HAL_I2C_ListenCpltCallback                        build/stm32f4xx_hal_i2c.o
HAL_I2C_MasterRxCpltCallback                      build/stm32f4xx_hal_i2c.o
HAL_I2C_MasterTxCpltCallback                      build/stm32f4xx_hal_i2c.o
HAL_I2C_Master_Abort_IT                           build/stm32f4xx_hal_i2c.o
HAL_I2C_Master_Receive                            build/stm32f4xx_hal_i2c.o
HAL_I2C_Master_Receive_DMA                        build/stm32f4xx_hal_i2c.o
HAL_I2C_Master_Receive_IT                         build/stm32f4xx_hal_i2c.o
HAL_I2C_Master_Seq_Receive_DMA                    build/stm32f4xx_hal_i2c.o
HAL_I2C_Master_Seq_Receive_IT                     build/stm32f4xx_hal_i2c.o
HAL_I2C_Master_Seq_Transmit_DMA                   build/stm32f4xx_hal_i2c.o
HAL_I2C_Master_Seq_Transmit_IT                    build/stm32f4xx_hal_i2c.o
HAL_I2C_Master_Transmit                           build/stm32f4xx_hal_i2c.o
HAL_I2C_Master_Transmit_DMA                       build/stm32f4xx_hal_i2c.o
HAL_I2C_Master_Transmit_IT                        build/stm32f4xx_hal_i2c.o
HAL_I2C_MemRxCpltCallback                         build/stm32f4xx_hal_i2c.o
HAL_I2C_MemTxCpltCallback                         build/stm32f4xx_hal_i2c.o
HAL_I2C_Mem_Read                                  build/stm32f4xx_hal_i2c.o
HAL_I2C_Mem_Read_DMA                              build/stm32f4xx_hal_i2c.o
HAL_I2C_Mem_Read_IT                               build/stm32f4xx_hal_i2c.o
HAL_I2C_Mem_Write                                 build/stm32f4xx_hal_i2c.o
HAL_I2C_Mem_Write_DMA                             build/stm32f4xx_hal_i2c.o
HAL_I2C_Mem_Write_IT                              build/stm32f4xx_hal_i2c.o
HAL_I2C_MspDeInit                                 build/stm32f4xx_hal_msp.o
HAL_I2C_MspInit                                   build/stm32f4xx_hal_msp.o
HAL_I2C_SlaveRxCpltCallback                       build/stm32f4xx_hal_i2c.o
HAL_I2C_SlaveTxCpltCallback                       build/stm32f4xx_hal_i2c.o
HAL_I2C_Slave_Receive                             build/stm32f4xx_hal_i2c.o
HAL_I2C_Slave_Receive_DMA                         build/stm32f4xx_hal_i2c.o
HAL_I2C_Slave_Receive_IT                          build/stm32f4xx_hal_i2c.o
HAL_I2C_Slave_Seq_Receive_DMA                     build/stm32f4xx_hal_i2c.o
HAL_I2C_Slave_Seq_Receive_IT                      build/stm32f4xx_hal_i2c.o
HAL_I2C_Slave_Seq_Transmit_DMA                    build/stm32f4xx_hal_i2c.o
HAL_I2C_Slave_Seq_Transmit_IT                     build/stm32f4xx_hal_i2c.o
HAL_I2C_Slave_Transmit                            build/stm32f4xx_hal_i2c.o
HAL_I2C_Slave_Transmit_DMA                        build/stm32f4xx_hal_i2c.o
HAL_I2C_Slave_Transmit_IT                         build/stm32f4xx_hal_i2c.o
HAL_I2SEx_FullDuplex_IRQHandler                   build/stm32f4xx_hal_i2s_ex.o
                                                  build/stm32f4xx_hal_i2s.o
HAL_I2SEx_TransmitReceive                         build/stm32f4xx_hal_i2s_ex.o
HAL_I2SEx_TransmitReceive_DMA                     build/stm32f4xx_hal_i2s_ex.o
HAL_I2SEx_TransmitReceive_IT                      build/stm32f4xx_hal_i2s_ex.o
HAL_I2SEx_TxRxCpltCallback                        build/stm32f4xx_hal_i2s_ex.o
HAL_I2SEx_TxRxHalfCpltCallback                    build/stm32f4xx_hal_i2s_ex.o
HAL_I2S_DMAPause                                  build/stm32f4xx_hal_i2s.o
HAL_I2S_DMAResume                                 build/stm32f4xx_hal_i2s.o
HAL_I2S_DMAStop                                   build/stm32f4xx_hal_i2s.o
HAL_I2S_DeInit                                    build/stm32f4xx_hal_i2s.o
HAL_I2S_ErrorCallback                             build/stm32f4xx_hal_i2s.o
                                                  build/stm32f4xx_hal_i2s_ex.o
HAL_I2S_GetError                                  build/stm32f4xx_hal_i2s.o
HAL_I2S_GetState                                  build/stm32f4xx_hal_i2s.o
HAL_I2S_IRQHandler                                build/stm32f4xx_hal_i2s.o
HAL_I2S_Init                                      build/stm32f4xx_hal_i2s.o
                                                  build/main.o
HAL_I2S_MspDeInit                                 build/stm32f4xx_hal_msp.o
HAL_I2S_MspInit                                   build/stm32f4xx_hal_msp.o
HAL_I2S_Receive                                   build/stm32f4xx_hal_i2s.o
HAL_I2S_Receive_DMA                               build/stm32f4xx_hal_i2s.o
HAL_I2S_Receive_IT                                build/stm32f4xx_hal_i2s.o
HAL_I2S_RxCpltCallback                            build/stm32f4xx_hal_i2s.o
HAL_I2S_RxHalfCpltCallback                        build/stm32f4xx_hal_i2s.o
HAL_I2S_Transmit                                  build/stm32f4xx_hal_i2s.o
HAL_I2S_Transmit_DMA                              build/stm32f4xx_hal_i2s.o
HAL_I2S_Transmit_IT                               build/stm32f4xx_hal_i2s.o
HAL_I2S_TxCpltCallback                            build/stm32f4xx_hal_i2s.o
HAL_I2S_TxHalfCpltCallback                        build/stm32f4xx_hal_i2s.o
HAL_IncTick                                       build/stm32f4xx_hal.o
                                                  build/stm32f4xx_it.o
HAL_Init                                          build/stm32f4xx_hal.o
                                                  build/main.o
HAL_InitTick                                      build/stm32f4xx_hal.o
                                                  build/stm32f4xx_hal_rcc_ex.o
                                                  build/stm32f4xx_hal_rcc.o
HAL_MPU_ConfigRegion                              build/stm32f4xx_hal_cortex.o
HAL_MPU_Disable                                   build/stm32f4xx_hal_cortex.o
HAL_MPU_Enable                                    build/stm32f4xx_hal_cortex.o
HAL_MspDeInit                                     build/stm32f4xx_hal.o
HAL_MspInit                                       build/stm32f4xx_hal_msp.o
HAL_NVIC_ClearPendingIRQ                          build/stm32f4xx_hal_cortex.o
HAL_NVIC_DisableIRQ                               build/stm32f4xx_hal_cortex.o
                                                  build/usbd_conf.o
HAL_NVIC_EnableIRQ                                build/stm32f4xx_hal_cortex.o
                                                  build/usbd_conf.o
                                                  build/main.o
HAL_NVIC_GetActive                                build/stm32f4xx_hal_cortex.o
HAL_NVIC_GetPendingIRQ                            build/stm32f4xx_hal_cortex.o
HAL_NVIC_GetPriority                              build/stm32f4xx_hal_cortex.o